Archive member included because of file (symbol)

/usr/bin/../lib/gcc/arm-none-eabi/4.9.3/../../../../arm-none-eabi/lib/armv7-m/libg_nano.a(lib_a-errno.o)
                              ./system/src/newlib/_sbrk.o (__errno)
/usr/bin/../lib/gcc/arm-none-eabi/4.9.3/../../../../arm-none-eabi/lib/armv7-m/libg_nano.a(lib_a-impure.o)
                              /usr/bin/../lib/gcc/arm-none-eabi/4.9.3/../../../../arm-none-eabi/lib/armv7-m/libg_nano.a(lib_a-errno.o) (_impure_ptr)
/usr/bin/../lib/gcc/arm-none-eabi/4.9.3/../../../../arm-none-eabi/lib/armv7-m/libg_nano.a(lib_a-strlen.o)
                              ./src/main.o (strlen)

Allocating common symbols
Common symbol       size              file

errno               0x4               ./system/src/newlib/_syscalls.o
bootLoad            0x4               ./system/src/newlib/_boot.o

Discarded input sections

 .group         0x0000000000000000        0x8 ./system/src/stm32f1-stdperiph/misc.o
 .group         0x0000000000000000        0x8 ./system/src/stm32f1-stdperiph/misc.o
 .group         0x0000000000000000        0x8 ./system/src/stm32f1-stdperiph/misc.o
 .group         0x0000000000000000        0x8 ./system/src/stm32f1-stdperiph/misc.o
 .group         0x0000000000000000        0x8 ./system/src/stm32f1-stdperiph/misc.o
 .group         0x0000000000000000        0x8 ./system/src/stm32f1-stdperiph/misc.o
 .group         0x0000000000000000        0x8 ./system/src/stm32f1-stdperiph/misc.o
 .group         0x0000000000000000        0x8 ./system/src/stm32f1-stdperiph/misc.o
 .group         0x0000000000000000        0x8 ./system/src/stm32f1-stdperiph/misc.o
 .group         0x0000000000000000        0x8 ./system/src/stm32f1-stdperiph/misc.o
 .group         0x0000000000000000        0x8 ./system/src/stm32f1-stdperiph/misc.o
 .group         0x0000000000000000        0x8 ./system/src/stm32f1-stdperiph/misc.o
 .group         0x0000000000000000        0x8 ./system/src/stm32f1-stdperiph/misc.o
 .group         0x0000000000000000        0x8 ./system/src/stm32f1-stdperiph/misc.o
 .group         0x0000000000000000        0x8 ./system/src/stm32f1-stdperiph/misc.o
 .group         0x0000000000000000        0x8 ./system/src/stm32f1-stdperiph/misc.o
 .group         0x0000000000000000        0x8 ./system/src/stm32f1-stdperiph/misc.o
 .group         0x0000000000000000        0x8 ./system/src/stm32f1-stdperiph/misc.o
 .group         0x0000000000000000        0x8 ./system/src/stm32f1-stdperiph/misc.o
 .group         0x0000000000000000        0x8 ./system/src/stm32f1-stdperiph/misc.o
 .group         0x0000000000000000        0x8 ./system/src/stm32f1-stdperiph/misc.o
 .group         0x0000000000000000        0x8 ./system/src/stm32f1-stdperiph/misc.o
 .group         0x0000000000000000        0x8 ./system/src/stm32f1-stdperiph/misc.o
 .group         0x0000000000000000        0x8 ./system/src/stm32f1-stdperiph/misc.o
 .group         0x0000000000000000        0x8 ./system/src/stm32f1-stdperiph/misc.o
 .group         0x0000000000000000        0x8 ./system/src/stm32f1-stdperiph/misc.o
 .group         0x0000000000000000        0x8 ./system/src/stm32f1-stdperiph/misc.o
 .group         0x0000000000000000        0x8 ./system/src/stm32f1-stdperiph/misc.o
 .group         0x0000000000000000        0x8 ./system/src/stm32f1-stdperiph/misc.o
 .group         0x0000000000000000        0x8 ./system/src/stm32f1-stdperiph/misc.o
 .text          0x0000000000000000        0x0 ./system/src/stm32f1-stdperiph/misc.o
 .data          0x0000000000000000        0x0 ./system/src/stm32f1-stdperiph/misc.o
 .bss           0x0000000000000000        0x0 ./system/src/stm32f1-stdperiph/misc.o
 .text.NVIC_PriorityGroupConfig
                0x0000000000000000       0x40 ./system/src/stm32f1-stdperiph/misc.o
 .text.NVIC_Init
                0x0000000000000000       0x98 ./system/src/stm32f1-stdperiph/misc.o
 .text.NVIC_SetVectorTable
                0x0000000000000000       0x44 ./system/src/stm32f1-stdperiph/misc.o
 .text.NVIC_SystemLPConfig
                0x0000000000000000       0x48 ./system/src/stm32f1-stdperiph/misc.o
 .text.SysTick_CLKSourceConfig
                0x0000000000000000       0x3c ./system/src/stm32f1-stdperiph/misc.o
 .rodata.str1.4
                0x0000000000000000       0x27 ./system/src/stm32f1-stdperiph/misc.o
 .debug_info    0x0000000000000000      0x63b ./system/src/stm32f1-stdperiph/misc.o
 .debug_abbrev  0x0000000000000000      0x188 ./system/src/stm32f1-stdperiph/misc.o
 .debug_loc     0x0000000000000000      0x1cc ./system/src/stm32f1-stdperiph/misc.o
 .debug_aranges
                0x0000000000000000       0x40 ./system/src/stm32f1-stdperiph/misc.o
 .debug_ranges  0x0000000000000000       0x30 ./system/src/stm32f1-stdperiph/misc.o
 .debug_macro   0x0000000000000000      0x162 ./system/src/stm32f1-stdperiph/misc.o
 .debug_macro   0x0000000000000000      0x880 ./system/src/stm32f1-stdperiph/misc.o
 .debug_macro   0x0000000000000000       0x50 ./system/src/stm32f1-stdperiph/misc.o
[...]
Memory Configuration

Name             Origin             Length             Attributes
RAM              0x0000000020000000 0x0000000000005000 xrw
CCMRAM           0x0000000000000000 0x0000000000000000 xrw
FLASH            0x0000000008000000 0x0000000000020000 xr
FLASHB1          0x0000000000000000 0x0000000000000000 xr
EXTMEMB0         0x0000000000000000 0x0000000000000000 xr
EXTMEMB1         0x0000000000000000 0x0000000000000000 xr
EXTMEMB2         0x0000000000000000 0x0000000000000000 xr
EXTMEMB3         0x0000000000000000 0x0000000000000000 xr
MEMORY_ARRAY     0x0000000000000000 0x0000000000000000 xrw
*default*        0x0000000000000000 0xffffffffffffffff

Linker script and memory map

LOAD ./system/src/stm32f1-stdperiph/misc.o
LOAD ./system/src/stm32f1-stdperiph/stm32f10x_gpio.o
LOAD ./system/src/stm32f1-stdperiph/stm32f10x_rcc.o
LOAD ./system/src/newlib/_boot.o
LOAD ./system/src/newlib/_cxx.o
LOAD ./system/src/newlib/_exit.o
LOAD ./system/src/newlib/_sbrk.o
LOAD ./system/src/newlib/_startup.o
LOAD ./system/src/newlib/_syscalls.o
LOAD ./system/src/newlib/assert.o
LOAD ./system/src/diag/Trace.o
LOAD ./system/src/diag/trace_impl.o
LOAD ./system/src/cortexm/_initialize_hardware.o
LOAD ./system/src/cortexm/_reset_hardware.o
LOAD ./system/src/cortexm/exception_handlers.o
LOAD ./system/src/cmsis/system_stm32f10x.o
LOAD ./system/src/cmsis/vectors_stm32f10x.o
LOAD ./src/os/mutex.o
LOAD ./src/modules/uart.o
LOAD ./src/BlinkLed.o
LOAD ./src/_write.o
LOAD ./src/main.o
LOAD ./src/os_dbg.o
LOAD ./src/os_dbg_asm.o
LOAD /usr/bin/../lib/gcc/arm-none-eabi/4.9.3/../../../../arm-none-eabi/lib/armv7-m/libstdc++_nano.a
LOAD /usr/bin/../lib/gcc/arm-none-eabi/4.9.3/../../../../arm-none-eabi/lib/armv7-m/libm.a
START GROUP
LOAD /usr/bin/../lib/gcc/arm-none-eabi/4.9.3/armv7-m/libgcc.a
LOAD /usr/bin/../lib/gcc/arm-none-eabi/4.9.3/../../../../arm-none-eabi/lib/armv7-m/libg_nano.a
LOAD /usr/bin/../lib/gcc/arm-none-eabi/4.9.3/../../../../arm-none-eabi/lib/armv7-m/libc_nano.a
END GROUP
START GROUP
LOAD /usr/bin/../lib/gcc/arm-none-eabi/4.9.3/armv7-m/libgcc.a
LOAD /usr/bin/../lib/gcc/arm-none-eabi/4.9.3/../../../../arm-none-eabi/lib/armv7-m/libc_nano.a
END GROUP
                0x0000000020005000                __stack = (ORIGIN (RAM) + 0x5000)
                0x0000000020005000                _estack = __stack
                0x0000000000000400                __Main_Stack_Size = 0x400
                0x0000000000000400                PROVIDE (_Main_Stack_Size, __Main_Stack_Size)
                0x0000000020004c00                __Main_Stack_Limit = (__stack - __Main_Stack_Size)
                0x0000000020004c00                PROVIDE (_Main_Stack_Limit, __Main_Stack_Limit)
                0x0000000000000100                _Minimum_Stack_Size = 0x100
                0x0000000020000950                PROVIDE (_Heap_Begin, _end_noinit)
                0x0000000020004c00                PROVIDE (_Heap_Limit, (__stack - __Main_Stack_Size))

.isr_vector     0x0000000008000000      0x29c
 FILL mask 0xff
                0x0000000008000000                __vectors_start = ABSOLUTE (.)
                0x0000000008000000                __vectors_start__ = ABSOLUTE (.)
 *(.isr_vector)
 .isr_vector    0x0000000008000000      0x10c ./system/src/cmsis/vectors_stm32f10x.o
                0x0000000008000000                __isr_vectors
 *(.cfmconfig)
 *(.after_vectors .after_vectors.*)
 .after_vectors
                0x000000000800010c      0x118 ./system/src/newlib/_startup.o
                0x000000000800010c                _start
 .after_vectors
                0x0000000008000224       0x74 ./system/src/cortexm/exception_handlers.o
                0x0000000008000224                Reset_Handler
                0x000000000800022c                NMI_Handler
                0x0000000008000244                HardFault_Handler_C
                0x0000000008000248                MemManage_Handler
                0x000000000800024c                BusFault_Handler
                0x0000000008000260                BusFault_Handler_C
                0x0000000008000264                UsageFault_Handler
                0x0000000008000278                UsageFault_Handler_C
                0x000000000800027c                SVC_Handler
                0x0000000008000280                DebugMon_Handler
 .after_vectors
                0x0000000008000298        0x4 ./system/src/cmsis/vectors_stm32f10x.o
                0x0000000008000298                EXTI2_IRQHandler
                0x0000000008000298                TIM8_TRG_COM_IRQHandler
                0x0000000008000298                TIM8_CC_IRQHandler
                0x0000000008000298                TIM1_CC_IRQHandler
                0x0000000008000298                TIM6_IRQHandler
                0x0000000008000298                PVD_IRQHandler
                0x0000000008000298                SDIO_IRQHandler
                0x0000000008000298                CAN2_RX1_IRQHandler
                0x0000000008000298                EXTI3_IRQHandler
                0x0000000008000298                TIM8_TRG_COM_TIM14_IRQHandler
                0x0000000008000298                TIM1_UP_TIM10_IRQHandler
                0x0000000008000298                TIM8_UP_TIM13_IRQHandler
                0x0000000008000298                EXTI0_IRQHandler
                0x0000000008000298                I2C2_EV_IRQHandler
                0x0000000008000298                CAN1_RX0_IRQHandler
                0x0000000008000298                TIM1_UP_TIM16_IRQHandler
                0x0000000008000298                CAN2_SCE_IRQHandler
                0x0000000008000298                ADC1_2_IRQHandler
                0x0000000008000298                SPI1_IRQHandler
                0x0000000008000298                TAMPER_IRQHandler
                0x0000000008000298                TIM6_DAC_IRQHandler
                0x0000000008000298                TIM1_BRK_TIM9_IRQHandler
                0x0000000008000298                CAN2_RX0_IRQHandler
                0x0000000008000298                TIM8_UP_IRQHandler
                0x0000000008000298                DMA2_Channel2_IRQHandler
                0x0000000008000298                DMA1_Channel4_IRQHandler
                0x0000000008000298                RTC_IRQHandler
                0x0000000008000298                DMA1_Channel7_IRQHandler
                0x0000000008000298                CAN1_RX1_IRQHandler
                0x0000000008000298                ADC3_IRQHandler
                0x0000000008000298                TIM4_IRQHandler
                0x0000000008000298                DMA2_Channel1_IRQHandler
                0x0000000008000298                I2C1_EV_IRQHandler
                0x0000000008000298                DMA1_Channel6_IRQHandler
                0x0000000008000298                DMA2_Channel4_IRQHandler
                0x0000000008000298                TIM3_IRQHandler
                0x0000000008000298                RCC_IRQHandler
                0x0000000008000298                TIM8_BRK_TIM12_IRQHandler
                0x0000000008000298                TIM1_TRG_COM_IRQHandler
                0x0000000008000298                DMA1_Channel1_IRQHandler
                0x0000000008000298                Default_Handler
                0x0000000008000298                CEC_IRQHandler
                0x0000000008000298                EXTI15_10_IRQHandler
                0x0000000008000298                TIM14_IRQHandler
                0x0000000008000298                TIM13_IRQHandler
                0x0000000008000298                TIM12_IRQHandler
                0x0000000008000298                TIM7_IRQHandler
                0x0000000008000298                CAN2_TX_IRQHandler
                0x0000000008000298                TIM5_IRQHandler
                0x0000000008000298                EXTI9_5_IRQHandler
                0x0000000008000298                ETH_WKUP_IRQHandler
                0x0000000008000298                SPI2_IRQHandler
                0x0000000008000298                CAN1_TX_IRQHandler
                0x0000000008000298                DMA2_Channel5_IRQHandler
                0x0000000008000298                DMA1_Channel5_IRQHandler
                0x0000000008000298                EXTI4_IRQHandler
                0x0000000008000298                USB_LP_CAN1_RX0_IRQHandler
                0x0000000008000298                TIM1_TRG_COM_TIM17_IRQHandler
                0x0000000008000298                USB_HP_CAN1_TX_IRQHandler
                0x0000000008000298                DMA1_Channel3_IRQHandler
                0x0000000008000298                FSMC_IRQHandler
                0x0000000008000298                ETH_IRQHandler
                0x0000000008000298                TIM1_UP_IRQHandler
                0x0000000008000298                WWDG_IRQHandler
                0x0000000008000298                TIM2_IRQHandler
                0x0000000008000298                OTG_FS_WKUP_IRQHandler
                0x0000000008000298                TIM1_TRG_COM_TIM11_IRQHandler
                0x0000000008000298                TIM1_BRK_IRQHandler
                0x0000000008000298                EXTI1_IRQHandler
                0x0000000008000298                RTCAlarm_IRQHandler
                0x0000000008000298                DMA2_Channel4_5_IRQHandler
                0x0000000008000298                I2C2_ER_IRQHandler
                0x0000000008000298                DMA1_Channel2_IRQHandler
                0x0000000008000298                TIM8_BRK_IRQHandler
                0x0000000008000298                CAN1_SCE_IRQHandler
                0x0000000008000298                FLASH_IRQHandler
                0x0000000008000298                OTG_FS_IRQHandler
                0x0000000008000298                SPI3_IRQHandler
                0x0000000008000298                I2C1_ER_IRQHandler
                0x0000000008000298                USBWakeUp_IRQHandler
                0x0000000008000298                DMA2_Channel3_IRQHandler
                0x0000000008000298                TIM1_BRK_TIM15_IRQHandler

.inits          0x000000000800029c       0x2c
                0x000000000800029c                __data_regions_array_start = .
                0x000000000800029c        0x4 LONG 0x8001304 LOADADDR (.data)
                0x00000000080002a0        0x4 LONG 0x20000000 ADDR (.data)
                0x00000000080002a4        0x4 LONG 0x2000002c (ADDR (.data) + SIZEOF (.data))
                0x00000000080002a8        0x4 LONG 0x8001304 LOADADDR (.data_CCMRAM)
                0x00000000080002ac        0x4 LONG 0x0 ADDR (.data_CCMRAM)
                0x00000000080002b0        0x4 LONG 0x0 (ADDR (.data_CCMRAM) + SIZEOF (.data_CCMRAM))
                0x00000000080002b4                __data_regions_array_end = .
                0x00000000080002b4                __bss_regions_array_start = .
                0x00000000080002b4        0x4 LONG 0x2000002c ADDR (.bss)
                0x00000000080002b8        0x4 LONG 0x20000950 (ADDR (.bss) + SIZEOF (.bss))
                0x00000000080002bc        0x4 LONG 0x0 ADDR (.bss_CCMRAM)
                0x00000000080002c0        0x4 LONG 0x0 (ADDR (.bss_CCMRAM) + SIZEOF (.bss_CCMRAM))
                0x00000000080002c4                __bss_regions_array_end = .
 *(.init)
 *(.fini)
                0x00000000080002c4                . = ALIGN (0x4)
                0x00000000080002c4                PROVIDE (__preinit_array_start, .)
 *(.preinit_array_sysinit .preinit_array_sysinit.*)
 *(.preinit_array_platform .preinit_array_platform.*)
 *(.preinit_array .preinit_array.*)
                0x00000000080002c4                PROVIDE (__preinit_array_end, .)
                0x00000000080002c4                . = ALIGN (0x4)
                0x00000000080002c4                PROVIDE (__init_array_start, .)
 *(SORT(.init_array.*))
 *(.init_array)
 .init_array    0x00000000080002c4        0x4 ./src/modules/uart.o
                0x00000000080002c8                PROVIDE (__init_array_end, .)
                0x00000000080002c8                . = ALIGN (0x4)
                0x00000000080002c8                PROVIDE (__fini_array_start, .)
 *(SORT(.fini_array.*))
 *(.fini_array)
                0x00000000080002c8                PROVIDE (__fini_array_end, .)

.flashtext
 *(.flashtext .flashtext.*)

.text           0x00000000080002c8     0x103c
 *(.text .text.*)
 .text.GPIO_Init
                0x00000000080002c8      0x12c ./system/src/stm32f1-stdperiph/stm32f10x_gpio.o
                0x00000000080002c8                GPIO_Init
 .text.GPIO_SetBits
                0x00000000080003f4       0x60 ./system/src/stm32f1-stdperiph/stm32f10x_gpio.o
                0x00000000080003f4                GPIO_SetBits
 .text.GPIO_ResetBits
                0x0000000008000454       0x60 ./system/src/stm32f1-stdperiph/stm32f10x_gpio.o
                0x0000000008000454                GPIO_ResetBits
 .text.GPIO_PinRemapConfig
                0x00000000080004b4      0x1d0 ./system/src/stm32f1-stdperiph/stm32f10x_gpio.o
                0x00000000080004b4                GPIO_PinRemapConfig
 .text.RCC_APB2PeriphClockCmd
                0x0000000008000684       0x4c ./system/src/stm32f1-stdperiph/stm32f10x_rcc.o
                0x0000000008000684                RCC_APB2PeriphClockCmd
 .text.RCC_APB1PeriphClockCmd
                0x00000000080006d0       0x4c ./system/src/stm32f1-stdperiph/stm32f10x_rcc.o
                0x00000000080006d0                RCC_APB1PeriphClockCmd
 .text.NVIC_SystemReset
                0x000000000800071c       0x20 ./system/src/newlib/_boot.o
 .text._boot_switch
                0x000000000800073c       0x40 ./system/src/newlib/_boot.o
                0x000000000800073c                _boot_switch
 .text._boot_load
                0x000000000800077c       0x18 ./system/src/newlib/_boot.o
                0x000000000800077c                _boot_load
 .text._exit    0x0000000008000794        0x4 ./system/src/newlib/_exit.o
                0x0000000008000794                _exit
 .text.abort    0x0000000008000798        0x8 ./system/src/newlib/_exit.o
                0x0000000008000798                abort
 .text.__initialize_args
                0x00000000080007a0       0x10 ./system/src/newlib/_syscalls.o
                0x00000000080007a0                __initialize_args
 .text.assert_failed
                0x00000000080007b0        0x8 ./system/src/newlib/assert.o
                0x00000000080007b0                assert_failed
 .text.__initialize_hardware_early
                0x00000000080007b8       0x18 ./system/src/cortexm/_initialize_hardware.o
                0x00000000080007b8                __initialize_hardware_early
 .text.__initialize_hardware
                0x00000000080007d0        0x8 ./system/src/cortexm/_initialize_hardware.o
                0x00000000080007d0                __initialize_hardware
 .text.SetSysClockTo72
                0x00000000080007d8       0xc4 ./system/src/cmsis/system_stm32f10x.o
 .text.SetSysClock
                0x000000000800089c        0x8 ./system/src/cmsis/system_stm32f10x.o
 .text.SystemInit
                0x00000000080008a4       0x50 ./system/src/cmsis/system_stm32f10x.o
                0x00000000080008a4                SystemInit
 .text.SystemCoreClockUpdate
                0x00000000080008f4       0x94 ./system/src/cmsis/system_stm32f10x.o
                0x00000000080008f4                SystemCoreClockUpdate
 .text._ZN2OS5MutexC2Ev
                0x0000000008000988        0x8 ./src/os/mutex.o
                0x0000000008000988                OS::Mutex::Mutex()
                0x0000000008000988                OS::Mutex::Mutex()
 .text._ZN4UartC2Em
                0x0000000008000990       0x74 ./src/modules/uart.o
                0x0000000008000990                Uart::Uart(unsigned long)
                0x0000000008000990                Uart::Uart(unsigned long)
 .text._Z41__static_initialization_and_destruction_0ii
                0x0000000008000a04       0x34 ./src/modules/uart.o
 .text._ZN4Uart7SetBaudEi
                0x0000000008000a38       0x30 ./src/modules/uart.o
                0x0000000008000a38                Uart::SetBaud(int)
 .text._ZN4Uart14GetUartIsrSafeENS_15UART_CONNECTIONE
                0x0000000008000a68       0x94 ./src/modules/uart.o
                0x0000000008000a68                Uart::GetUartIsrSafe(Uart::UART_CONNECTION)
 .text._ZN4Uart10WriteBasicEh
                0x0000000008000afc       0x10 ./src/modules/uart.o
                0x0000000008000afc                Uart::WriteBasic(unsigned char)
 .text._ZN4Uart12WriteIsrSafeEPvi
                0x0000000008000b0c       0x1c ./src/modules/uart.o
                0x0000000008000b0c                Uart::WriteIsrSafe(void*, int)
 .text._ZN4Uart8WriteHexEmib
                0x0000000008000b28       0x44 ./src/modules/uart.o
                0x0000000008000b28                Uart::WriteHex(unsigned long, int, bool)
 .text.USART1_IRQHandler
                0x0000000008000b6c       0x84 ./src/modules/uart.o
                0x0000000008000b6c                USART1_IRQHandler
 .text.USART2_IRQHandler
                0x0000000008000bf0       0x88 ./src/modules/uart.o
                0x0000000008000bf0                USART2_IRQHandler
 .text.USART3_IRQHandler
                0x0000000008000c78       0x88 ./src/modules/uart.o
                0x0000000008000c78                USART3_IRQHandler
 .text._GLOBAL__sub_I__ZN4Uart5uartsE
                0x0000000008000d00       0x10 ./src/modules/uart.o
 .text._ZN8BlinkLed7powerUpEv
                0x0000000008000d10       0x68 ./src/BlinkLed.o
                0x0000000008000d10                BlinkLed::powerUp()
 .text.main     0x0000000008000d78       0x6c ./src/main.o
                0x0000000008000d78                main
 .text.HardFault_Handler
                0x0000000008000de4       0x3c ./src/main.o
                0x0000000008000de4                HardFault_Handler
 .text.toggleKernel
                0x0000000008000e20       0x24 ./src/os_dbg.o
                0x0000000008000e20                toggleKernel
 .text.isInKernel
                0x0000000008000e44        0xc ./src/os_dbg.o
                0x0000000008000e44                isInKernel
 .text._Z5PrintPKc
                0x0000000008000e50       0x1c ./src/os_dbg.o
                0x0000000008000e50                Print(char const*)
 .text.WriteHex32
                0x0000000008000e6c       0x18 ./src/os_dbg.o
                0x0000000008000e6c                WriteHex32
 .text.WriteLine
                0x0000000008000e84       0x18 ./src/os_dbg.o
                0x0000000008000e84                WriteLine
 .text.CallTask
                0x0000000008000e9c       0x5c ./src/os_dbg.o
                0x0000000008000e9c                CallTask
 .text._Z4Testm
                0x0000000008000ef8       0x50 ./src/os_dbg.o
                0x0000000008000ef8                Test(unsigned long)
 .text._Z9StartTaskP9_taskNodePFimEm
                0x0000000008000f48       0x74 ./src/os_dbg.o
                0x0000000008000f48                StartTask(_taskNode*, int (*)(unsigned long), unsigned long)
 .text._ZN6os_dbg4InitEv
                0x0000000008000fbc       0xc4 ./src/os_dbg.o
                0x0000000008000fbc                os_dbg::Init()
 .text.SysTick_Handler
                0x0000000008001080       0x10 ./src/os_dbg.o
                0x0000000008001080                SysTick_Handler
 .text.PendSV_Handler
                0x0000000008001090       0xe4 ./src/os_dbg_asm.o
                0x0000000008001090                PendSV_Handler
 .text.strlen   0x0000000008001174       0x10 /usr/bin/../lib/gcc/arm-none-eabi/4.9.3/../../../../arm-none-eabi/lib/armv7-m/libg_nano.a(lib_a-strlen.o)
                0x0000000008001174                strlen
 *(.rodata .rodata.* .constdata .constdata.*)
 .rodata.str1.4
                0x0000000008001184       0x31 ./system/src/stm32f1-stdperiph/stm32f10x_gpio.o
 *fill*         0x00000000080011b5        0x3 
 .rodata.str1.4
                0x00000000080011b8       0x30 ./system/src/stm32f1-stdperiph/stm32f10x_rcc.o
 .rodata.str1.4
                0x00000000080011e8       0xf4 ./src/os_dbg.o
                                         0xf5 (size before relaxing)
 *(vtable)
 *(.eh_frame*)
 .eh_frame      0x00000000080012dc       0x28 ./src/os_dbg_asm.o
 *(.glue_7)
 .glue_7        0x0000000000000000        0x0 linker stubs
 *(.glue_7t)
 .glue_7t       0x0000000000000000        0x0 linker stubs

.vfp11_veneer   0x0000000008001304        0x0
 .vfp11_veneer  0x0000000000000000        0x0 linker stubs

.v4_bx          0x0000000008001304        0x0
 .v4_bx         0x0000000000000000        0x0 linker stubs

.iplt           0x0000000008001304        0x0
 .iplt          0x0000000000000000        0x0 ./system/src/stm32f1-stdperiph/misc.o

.rel.dyn        0x0000000008001304        0x0
 .rel.iplt      0x0000000000000000        0x0 ./system/src/stm32f1-stdperiph/misc.o

.ARM.extab
 *(.ARM.extab* .gnu.linkonce.armextab.*)
                0x0000000008001304                . = ALIGN (0x4)
                0x0000000008001304                __exidx_start = .

.ARM.exidx
 *(.ARM.exidx* .gnu.linkonce.armexidx.*)
                0x0000000008001304                __exidx_end = .
                0x0000000008001304                . = ALIGN (0x4)
                0x0000000008001304                _etext = .
                0x0000000008001304                __etext = .

.data_CCMRAM    0x0000000000000000        0x0 load address 0x0000000008001304
 FILL mask 0xff
 *(.data.CCMRAM .data.CCMRAM.*)
                0x0000000000000000                . = ALIGN (0x4)
                0x0000000008001304                _sidata = LOADADDR (.data)

.data           0x0000000020000000       0x2c load address 0x0000000008001304
 FILL mask 0xff
                0x0000000020000000                _sdata = .
                0x0000000020000000                __data_start__ = .
 *(.data_begin .data_begin.*)
 .data_begin    0x0000000020000000        0x4 ./system/src/newlib/_startup.o
 *(.data .data.*)
 .data.argv.4157
                0x0000000020000004        0x8 ./system/src/newlib/_syscalls.o
 .data.AHBPrescTable
                0x000000002000000c       0x10 ./system/src/cmsis/system_stm32f10x.o
                0x000000002000000c                AHBPrescTable
 .data.SystemCoreClock
                0x000000002000001c        0x4 ./system/src/cmsis/system_stm32f10x.o
                0x000000002000001c                SystemCoreClock
 .data.startMessage
                0x0000000020000020        0x4 ./src/os_dbg.o
                0x0000000020000020                startMessage
 .data.inKernel
                0x0000000020000024        0x1 ./src/os_dbg.o
                0x0000000020000024                inKernel
 *(.data_end .data_end.*)
 *fill*         0x0000000020000025        0x3 
 .data_end      0x0000000020000028        0x4 ./system/src/newlib/_startup.o
                0x000000002000002c                . = ALIGN (0x4)
                0x000000002000002c                _edata = .
                0x000000002000002c                __data_end__ = .

.igot.plt       0x000000002000002c        0x0 load address 0x0000000008001330
 .igot.plt      0x0000000000000000        0x0 ./system/src/stm32f1-stdperiph/misc.o

.bss_CCMRAM     0x0000000000000000        0x0
 *(.bss.CCMRAM .bss.CCMRAM.*)

.bss            0x000000002000002c      0x924
                0x000000002000002c                __bss_start__ = .
                0x000000002000002c                _sbss = .
 *(.bss_begin .bss_begin.*)
 .bss_begin     0x000000002000002c        0x4 ./system/src/newlib/_startup.o
 *(.bss .bss.*)
 .bss.name.4156
                0x0000000020000030        0x1 ./system/src/newlib/_syscalls.o
 *fill*         0x0000000020000031        0x3 
 .bss._ZN4Uart5uartsE
                0x0000000020000034      0x838 ./src/modules/uart.o
                0x0000000020000034                Uart::uarts
 .bss.blinkLed  0x000000002000086c        0x1 ./src/main.o
                0x000000002000086c                blinkLed
 *fill*         0x000000002000086d        0x3 
 .bss.uart2     0x0000000020000870        0x4 ./src/os_dbg.o
                0x0000000020000870                uart2
 .bss.testStack
                0x0000000020000874       0xc8 ./src/os_dbg.o
                0x0000000020000874                testStack
 .bss.testTask  0x000000002000093c        0x8 ./src/os_dbg.o
                0x000000002000093c                testTask
 .bss.taskCount
                0x0000000020000944        0x4 ./src/os_dbg.o
                0x0000000020000944                taskCount
 *(COMMON)
 COMMON         0x0000000020000948        0x4 ./system/src/newlib/_boot.o
                0x0000000020000948                bootLoad
 *(.bss_end .bss_end.*)
 .bss_end       0x000000002000094c        0x4 ./system/src/newlib/_startup.o
                0x0000000020000950                . = ALIGN (0x4)
                0x0000000020000950                __bss_end__ = .
                0x0000000020000950                _ebss = .

.noinit_CCMRAM
 *(.noinit.CCMRAM .noinit.CCMRAM.*)

.noinit         0x0000000020000950        0x0
                0x0000000020000950                _noinit = .
 *(.noinit .noinit.*)
                0x0000000020000950                . = ALIGN (0x4)
                0x0000000020000950                _end_noinit = .
                0x0000000020000950                PROVIDE (end, _end_noinit)
                0x0000000020000950                PROVIDE (_end, _end_noinit)
                0x0000000020000950                PROVIDE (__end, _end_noinit)
                0x0000000020000950                PROVIDE (__end__, _end_noinit)

._check_stack   0x0000000020000950      0x100
                0x0000000020000a50                . = (. + _Minimum_Stack_Size)
 *fill*         0x0000000020000950      0x100 

.b1text
 *(.b1text)
 *(.b1rodata)
 *(.b1rodata.*)

.eb0text
 *(.eb0text)
 *(.eb0rodata)
 *(.eb0rodata.*)

.eb1text
 *(.eb1text)
 *(.eb1rodata)
 *(.eb1rodata.*)

.eb2text
 *(.eb2text)
 *(.eb2rodata)
 *(.eb2rodata.*)

.eb3text
 *(.eb3text)
 *(.eb3rodata)
 *(.eb3rodata.*)

.stab
 *(.stab)

.stabstr
 *(.stabstr)

.stab.excl
 *(.stab.excl)

.stab.exclstr
 *(.stab.exclstr)

.stab.index
 *(.stab.index)

.stab.indexstr
 *(.stab.indexstr)

.comment        0x0000000000000000       0x70
 *(.comment)
 .comment       0x0000000000000000       0x70 ./system/src/stm32f1-stdperiph/stm32f10x_gpio.o
                                         0x71 (size before relaxing)
 .comment       0x0000000000000000       0x71 ./system/src/stm32f1-stdperiph/stm32f10x_rcc.o
 .comment       0x0000000000000000       0x71 ./system/src/newlib/_boot.o
 .comment       0x0000000000000000       0x71 ./system/src/newlib/_exit.o
 .comment       0x0000000000000000       0x71 ./system/src/newlib/_startup.o
 .comment       0x0000000000000000       0x71 ./system/src/newlib/_syscalls.o
 .comment       0x0000000000000000       0x71 ./system/src/newlib/assert.o
 .comment       0x0000000000000000       0x71 ./system/src/cortexm/_initialize_hardware.o
 .comment       0x0000000000000000       0x71 ./system/src/cortexm/exception_handlers.o
 .comment       0x0000000000000000       0x71 ./system/src/cmsis/system_stm32f10x.o
 .comment       0x0000000000000000       0x71 ./system/src/cmsis/vectors_stm32f10x.o
 .comment       0x0000000000000000       0x71 ./src/os/mutex.o
 .comment       0x0000000000000000       0x71 ./src/modules/uart.o
 .comment       0x0000000000000000       0x71 ./src/BlinkLed.o
 .comment       0x0000000000000000       0x71 ./src/main.o
 .comment       0x0000000000000000       0x71 ./src/os_dbg.o

.ARM.attributes
                0x0000000000000000       0x31
 .ARM.attributes
                0x0000000000000000       0x33 ./system/src/stm32f1-stdperiph/stm32f10x_gpio.o
 .ARM.attributes
                0x0000000000000033       0x33 ./system/src/stm32f1-stdperiph/stm32f10x_rcc.o
 .ARM.attributes
                0x0000000000000066       0x33 ./system/src/newlib/_boot.o
 .ARM.attributes
                0x0000000000000099       0x33 ./system/src/newlib/_exit.o
 .ARM.attributes
                0x00000000000000cc       0x33 ./system/src/newlib/_startup.o
 .ARM.attributes
                0x00000000000000ff       0x33 ./system/src/newlib/_syscalls.o
 .ARM.attributes
                0x0000000000000132       0x33 ./system/src/newlib/assert.o
 .ARM.attributes
                0x0000000000000165       0x33 ./system/src/cortexm/_initialize_hardware.o
 .ARM.attributes
                0x0000000000000198       0x33 ./system/src/cortexm/exception_handlers.o
 .ARM.attributes
                0x00000000000001cb       0x33 ./system/src/cmsis/system_stm32f10x.o
 .ARM.attributes
                0x00000000000001fe       0x33 ./system/src/cmsis/vectors_stm32f10x.o
 .ARM.attributes
                0x0000000000000231       0x33 ./src/os/mutex.o
 .ARM.attributes
                0x0000000000000264       0x33 ./src/modules/uart.o
 .ARM.attributes
                0x0000000000000297       0x33 ./src/BlinkLed.o
 .ARM.attributes
                0x00000000000002ca       0x33 ./src/main.o
 .ARM.attributes
                0x00000000000002fd       0x33 ./src/os_dbg.o
 .ARM.attributes
                0x0000000000000330       0x21 ./src/os_dbg_asm.o
 .ARM.attributes
                0x0000000000000351       0x2d /usr/bin/../lib/gcc/arm-none-eabi/4.9.3/../../../../arm-none-eabi/lib/armv7-m/libg_nano.a(lib_a-strlen.o)

.debug
 *(.debug)

.line
 *(.line)

.debug_srcinfo
 *(.debug_srcinfo)

.debug_sfnames
 *(.debug_sfnames)

.debug_aranges  0x0000000000000000      0x598
 *(.debug_aranges)
 .debug_aranges
                0x0000000000000000       0xa8 ./system/src/stm32f1-stdperiph/stm32f10x_gpio.o
 .debug_aranges
                0x00000000000000a8      0x118 ./system/src/stm32f1-stdperiph/stm32f10x_rcc.o
 .debug_aranges
                0x00000000000001c0       0x30 ./system/src/newlib/_boot.o
 .debug_aranges
                0x00000000000001f0       0x28 ./system/src/newlib/_exit.o
 .debug_aranges
                0x0000000000000218       0x40 ./system/src/newlib/_startup.o
 .debug_aranges
                0x0000000000000258       0x30 ./system/src/newlib/_syscalls.o
 .debug_aranges
                0x0000000000000288       0x28 ./system/src/newlib/assert.o
 .debug_aranges
                0x00000000000002b0       0x28 ./system/src/cortexm/_initialize_hardware.o
 .debug_aranges
                0x00000000000002d8       0x80 ./system/src/cortexm/exception_handlers.o
 .debug_aranges
                0x0000000000000358       0x38 ./system/src/cmsis/system_stm32f10x.o
 .debug_aranges
                0x0000000000000390       0x20 ./system/src/cmsis/vectors_stm32f10x.o
 .debug_aranges
                0x00000000000003b0       0x48 ./src/os/mutex.o
 .debug_aranges
                0x00000000000003f8       0xc8 ./src/modules/uart.o
 .debug_aranges
                0x00000000000004c0       0x20 ./src/BlinkLed.o
 .debug_aranges
                0x00000000000004e0       0x30 ./src/main.o
 .debug_aranges
                0x0000000000000510       0x68 ./src/os_dbg.o
 .debug_aranges
                0x0000000000000578       0x20 ./src/os_dbg_asm.o

.debug_pubnames
 *(.debug_pubnames)

.debug_info     0x0000000000000000     0x6bf7
 *(.debug_info .gnu.linkonce.wi.*)
 .debug_info    0x0000000000000000      0xbd4 ./system/src/stm32f1-stdperiph/stm32f10x_gpio.o
 .debug_info    0x0000000000000bd4      0xc6b ./system/src/stm32f1-stdperiph/stm32f10x_rcc.o
 .debug_info    0x000000000000183f      0x322 ./system/src/newlib/_boot.o
 .debug_info    0x0000000000001b61       0xee ./system/src/newlib/_exit.o
 .debug_info    0x0000000000001c4f      0x484 ./system/src/newlib/_startup.o
 .debug_info    0x00000000000020d3      0x1a9 ./system/src/newlib/_syscalls.o
 .debug_info    0x000000000000227c      0x168 ./system/src/newlib/assert.o
 .debug_info    0x00000000000023e4      0x294 ./system/src/cortexm/_initialize_hardware.o
 .debug_info    0x0000000000002678      0x288 ./system/src/cortexm/exception_handlers.o
 .debug_info    0x0000000000002900      0x474 ./system/src/cmsis/system_stm32f10x.o
 .debug_info    0x0000000000002d74       0xd1 ./system/src/cmsis/vectors_stm32f10x.o
 .debug_info    0x0000000000002e45      0x35b ./src/os/mutex.o
 .debug_info    0x00000000000031a0     0x17f9 ./src/modules/uart.o
 .debug_info    0x0000000000004999      0x463 ./src/BlinkLed.o
 .debug_info    0x0000000000004dfc      0xd6a ./src/main.o
 .debug_info    0x0000000000005b66     0x101e ./src/os_dbg.o
 .debug_info    0x0000000000006b84       0x73 ./src/os_dbg_asm.o

.debug_abbrev   0x0000000000000000     0x1f52
 *(.debug_abbrev)
 .debug_abbrev  0x0000000000000000      0x1f9 ./system/src/stm32f1-stdperiph/stm32f10x_gpio.o
 .debug_abbrev  0x00000000000001f9      0x1ff ./system/src/stm32f1-stdperiph/stm32f10x_rcc.o
 .debug_abbrev  0x00000000000003f8      0x162 ./system/src/newlib/_boot.o
 .debug_abbrev  0x000000000000055a       0xb7 ./system/src/newlib/_exit.o
 .debug_abbrev  0x0000000000000611      0x1e9 ./system/src/newlib/_startup.o
 .debug_abbrev  0x00000000000007fa       0xe7 ./system/src/newlib/_syscalls.o
 .debug_abbrev  0x00000000000008e1       0xb6 ./system/src/newlib/assert.o
 .debug_abbrev  0x0000000000000997       0xea ./system/src/cortexm/_initialize_hardware.o
 .debug_abbrev  0x0000000000000a81      0x115 ./system/src/cortexm/exception_handlers.o
 .debug_abbrev  0x0000000000000b96      0x157 ./system/src/cmsis/system_stm32f10x.o
 .debug_abbrev  0x0000000000000ced       0x9d ./system/src/cmsis/vectors_stm32f10x.o
 .debug_abbrev  0x0000000000000d8a      0x1f7 ./src/os/mutex.o
 .debug_abbrev  0x0000000000000f81      0x529 ./src/modules/uart.o
 .debug_abbrev  0x00000000000014aa      0x1e7 ./src/BlinkLed.o
 .debug_abbrev  0x0000000000001691      0x420 ./src/main.o
 .debug_abbrev  0x0000000000001ab1      0x48d ./src/os_dbg.o
 .debug_abbrev  0x0000000000001f3e       0x14 ./src/os_dbg_asm.o

.debug_line     0x0000000000000000     0x438c
 *(.debug_line)
 .debug_line    0x0000000000000000      0x8a9 ./system/src/stm32f1-stdperiph/stm32f10x_gpio.o
 .debug_line    0x00000000000008a9      0x7f3 ./system/src/stm32f1-stdperiph/stm32f10x_rcc.o
 .debug_line    0x000000000000109c      0x37e ./system/src/newlib/_boot.o
 .debug_line    0x000000000000141a      0x1fd ./system/src/newlib/_exit.o
 .debug_line    0x0000000000001617      0x284 ./system/src/newlib/_startup.o
 .debug_line    0x000000000000189b      0x2a6 ./system/src/newlib/_syscalls.o
 .debug_line    0x0000000000001b41      0x222 ./system/src/newlib/assert.o
 .debug_line    0x0000000000001d63      0x330 ./system/src/cortexm/_initialize_hardware.o
 .debug_line    0x0000000000002093      0x531 ./system/src/cortexm/exception_handlers.o
 .debug_line    0x00000000000025c4      0x390 ./system/src/cmsis/system_stm32f10x.o
 .debug_line    0x0000000000002954       0xd4 ./system/src/cmsis/vectors_stm32f10x.o
 .debug_line    0x0000000000002a28      0x394 ./src/os/mutex.o
 .debug_line    0x0000000000002dbc      0x6df ./src/modules/uart.o
 .debug_line    0x000000000000349b      0x318 ./src/BlinkLed.o
 .debug_line    0x00000000000037b3      0x5dc ./src/main.o
 .debug_line    0x0000000000003d8f      0x575 ./src/os_dbg.o
 .debug_line    0x0000000000004304       0x88 ./src/os_dbg_asm.o

.debug_frame    0x0000000000000000      0xed0
 *(.debug_frame)
 .debug_frame   0x0000000000000000      0x230 ./system/src/stm32f1-stdperiph/stm32f10x_gpio.o
 .debug_frame   0x0000000000000230      0x388 ./system/src/stm32f1-stdperiph/stm32f10x_rcc.o
 .debug_frame   0x00000000000005b8       0x58 ./system/src/newlib/_boot.o
 .debug_frame   0x0000000000000610       0x3c ./system/src/newlib/_exit.o
 .debug_frame   0x000000000000064c       0x88 ./system/src/newlib/_startup.o
 .debug_frame   0x00000000000006d4       0x58 ./system/src/newlib/_syscalls.o
 .debug_frame   0x000000000000072c       0x48 ./system/src/newlib/assert.o
 .debug_frame   0x0000000000000774       0x48 ./system/src/cortexm/_initialize_hardware.o
 .debug_frame   0x00000000000007bc       0xec ./system/src/cortexm/exception_handlers.o
 .debug_frame   0x00000000000008a8       0x70 ./system/src/cmsis/system_stm32f10x.o
 .debug_frame   0x0000000000000918       0x20 ./system/src/cmsis/vectors_stm32f10x.o
 .debug_frame   0x0000000000000938       0x9c ./src/os/mutex.o
 .debug_frame   0x00000000000009d4      0x314 ./src/modules/uart.o
 .debug_frame   0x0000000000000ce8       0x38 ./src/BlinkLed.o
 .debug_frame   0x0000000000000d20       0x74 ./src/main.o
 .debug_frame   0x0000000000000d94      0x11c ./src/os_dbg.o
 .debug_frame   0x0000000000000eb0       0x20 /usr/bin/../lib/gcc/arm-none-eabi/4.9.3/../../../../arm-none-eabi/lib/armv7-m/libg_nano.a(lib_a-strlen.o)

.debug_str      0x0000000000000000    0x56656
 *(.debug_str)
 .debug_str     0x0000000000000000    0x4e2cb ./system/src/stm32f1-stdperiph/stm32f10x_gpio.o
                                      0x4e4a1 (size before relaxing)
 .debug_str     0x000000000004e2cb      0xb3e ./system/src/stm32f1-stdperiph/stm32f10x_rcc.o
                                      0x4ea70 (size before relaxing)
 .debug_str     0x000000000004ee09      0x11f ./system/src/newlib/_boot.o
                                      0x4dfb6 (size before relaxing)
 .debug_str     0x000000000004ef28     0x37e6 ./system/src/newlib/_exit.o
                                       0x5e21 (size before relaxing)
 .debug_str     0x000000000005270e      0x26c ./system/src/newlib/_startup.o
                                       0x4182 (size before relaxing)
 .debug_str     0x000000000005297a     0x15e3 ./system/src/newlib/_syscalls.o
                                       0x658d (size before relaxing)
 .debug_str     0x0000000000053f5d       0xe6 ./system/src/newlib/assert.o
                                       0x6931 (size before relaxing)
 .debug_str     0x0000000000054043       0x77 ./system/src/cortexm/_initialize_hardware.o
                                      0x4df8b (size before relaxing)
 .debug_str     0x00000000000540ba      0x1ce ./system/src/cortexm/exception_handlers.o
                                      0x51826 (size before relaxing)
 .debug_str     0x0000000000054288       0xa6 ./system/src/cmsis/system_stm32f10x.o
                                      0x4e035 (size before relaxing)
 .debug_str     0x000000000005432e       0x57 ./system/src/cmsis/vectors_stm32f10x.o
                                       0x3025 (size before relaxing)
 .debug_str     0x0000000000054385      0x582 ./src/os/mutex.o
                                      0x4e1ff (size before relaxing)
 .debug_str     0x0000000000054907     0x1015 ./src/modules/uart.o
                                      0x4f38d (size before relaxing)
 .debug_str     0x000000000005591c       0xcf ./src/BlinkLed.o
                                      0x4e431 (size before relaxing)
 .debug_str     0x00000000000559eb      0xa78 ./src/main.o
                                      0x52fd2 (size before relaxing)
 .debug_str     0x0000000000056463      0x1f3 ./src/os_dbg.o
                                      0x5169b (size before relaxing)

.debug_loc      0x0000000000000000     0x271e
 *(.debug_loc)
 .debug_loc     0x0000000000000000      0x773 ./system/src/stm32f1-stdperiph/stm32f10x_gpio.o
 .debug_loc     0x0000000000000773      0x98f ./system/src/stm32f1-stdperiph/stm32f10x_rcc.o
 .debug_loc     0x0000000000001102       0x13 ./system/src/newlib/_boot.o
 .debug_loc     0x0000000000001115      0x265 ./system/src/newlib/_startup.o
 .debug_loc     0x000000000000137a       0x63 ./system/src/newlib/_syscalls.o
 .debug_loc     0x00000000000013dd       0xc6 ./system/src/newlib/assert.o
 .debug_loc     0x00000000000014a3       0xe4 ./system/src/cmsis/system_stm32f10x.o
 .debug_loc     0x0000000000001587       0xba ./src/os/mutex.o
 .debug_loc     0x0000000000001641      0xc0c ./src/modules/uart.o
 .debug_loc     0x000000000000224d       0x21 ./src/BlinkLed.o
 .debug_loc     0x000000000000226e      0x1f3 ./src/main.o
 .debug_loc     0x0000000000002461      0x2bd ./src/os_dbg.o

.debug_macinfo
 *(.debug_macinfo)

.debug_weaknames
 *(.debug_weaknames)

.debug_funcnames
 *(.debug_funcnames)

.debug_typenames
 *(.debug_typenames)

.debug_varnames
 *(.debug_varnames)
OUTPUT(Afro.elf elf32-littlearm)

.debug_ranges   0x0000000000000000      0x4d8
 .debug_ranges  0x0000000000000000       0x98 ./system/src/stm32f1-stdperiph/stm32f10x_gpio.o
 .debug_ranges  0x0000000000000098      0x108 ./system/src/stm32f1-stdperiph/stm32f10x_rcc.o
 .debug_ranges  0x00000000000001a0       0x20 ./system/src/newlib/_boot.o
 .debug_ranges  0x00000000000001c0       0x18 ./system/src/newlib/_exit.o
 .debug_ranges  0x00000000000001d8       0x48 ./system/src/newlib/_startup.o
 .debug_ranges  0x0000000000000220       0x20 ./system/src/newlib/_syscalls.o
 .debug_ranges  0x0000000000000240       0x18 ./system/src/newlib/assert.o
 .debug_ranges  0x0000000000000258       0x18 ./system/src/cortexm/_initialize_hardware.o
 .debug_ranges  0x0000000000000270       0x70 ./system/src/cortexm/exception_handlers.o
 .debug_ranges  0x00000000000002e0       0x28 ./system/src/cmsis/system_stm32f10x.o
 .debug_ranges  0x0000000000000308       0x10 ./system/src/cmsis/vectors_stm32f10x.o
 .debug_ranges  0x0000000000000318       0x38 ./src/os/mutex.o
 .debug_ranges  0x0000000000000350      0x100 ./src/modules/uart.o
 .debug_ranges  0x0000000000000450       0x10 ./src/BlinkLed.o
 .debug_ranges  0x0000000000000460       0x20 ./src/main.o
 .debug_ranges  0x0000000000000480       0x58 ./src/os_dbg.o

.debug_macro    0x0000000000000000     0x3dfc
 .debug_macro   0x0000000000000000      0x1aa ./system/src/stm32f1-stdperiph/stm32f10x_gpio.o
 .debug_macro   0x00000000000001aa       0x8b ./system/src/stm32f1-stdperiph/stm32f10x_gpio.o
 .debug_macro   0x0000000000000235      0x2a6 ./system/src/stm32f1-stdperiph/stm32f10x_gpio.o
 .debug_macro   0x00000000000004db      0x278 ./system/src/stm32f1-stdperiph/stm32f10x_rcc.o
 .debug_macro   0x0000000000000753      0x3dc ./system/src/stm32f1-stdperiph/stm32f10x_rcc.o
 .debug_macro   0x0000000000000b2f      0x16e ./system/src/newlib/_boot.o
 .debug_macro   0x0000000000000c9d      0x131 ./system/src/newlib/_exit.o
 .debug_macro   0x0000000000000dce       0x9c ./system/src/newlib/_exit.o
 .debug_macro   0x0000000000000e6a      0x10e ./system/src/newlib/_exit.o
 .debug_macro   0x0000000000000f78       0x86 ./system/src/newlib/_exit.o
 .debug_macro   0x0000000000000ffe       0x43 ./system/src/newlib/_exit.o
 .debug_macro   0x0000000000001041      0x27a ./system/src/newlib/_exit.o
 .debug_macro   0x00000000000012bb       0x35 ./system/src/newlib/_exit.o
 .debug_macro   0x00000000000012f0       0xee ./system/src/newlib/_startup.o
 .debug_macro   0x00000000000013de      0x1ad ./system/src/newlib/_syscalls.o
 .debug_macro   0x000000000000158b       0x1c ./system/src/newlib/_syscalls.o
 .debug_macro   0x00000000000015a7       0x10 ./system/src/newlib/_syscalls.o
 .debug_macro   0x00000000000015b7       0x10 ./system/src/newlib/_syscalls.o
 .debug_macro   0x00000000000015c7       0x10 ./system/src/newlib/_syscalls.o
 .debug_macro   0x00000000000015d7       0x10 ./system/src/newlib/_syscalls.o
 .debug_macro   0x00000000000015e7       0x35 ./system/src/newlib/_syscalls.o
 .debug_macro   0x000000000000161c      0x122 ./system/src/newlib/_syscalls.o
 .debug_macro   0x000000000000173e       0x2e ./system/src/newlib/_syscalls.o
 .debug_macro   0x000000000000176c       0x82 ./system/src/newlib/_syscalls.o
 .debug_macro   0x00000000000017ee       0x2b ./system/src/newlib/_syscalls.o
 .debug_macro   0x0000000000001819      0x118 ./system/src/newlib/_syscalls.o
 .debug_macro   0x0000000000001931      0x13e ./system/src/newlib/_syscalls.o
 .debug_macro   0x0000000000001a6f       0x16 ./system/src/newlib/_syscalls.o
 .debug_macro   0x0000000000001a85      0x14d ./system/src/newlib/assert.o
 .debug_macro   0x0000000000001bd2       0x1c ./system/src/newlib/assert.o
 .debug_macro   0x0000000000001bee      0x15c ./system/src/cortexm/_initialize_hardware.o
 .debug_macro   0x0000000000001d4a      0x28a ./system/src/cortexm/exception_handlers.o
 .debug_macro   0x0000000000001fd4       0x22 ./system/src/cortexm/exception_handlers.o
 .debug_macro   0x0000000000001ff6       0x10 ./system/src/cortexm/exception_handlers.o
 .debug_macro   0x0000000000002006       0xc8 ./system/src/cortexm/exception_handlers.o
 .debug_macro   0x00000000000020ce       0xbe ./system/src/cortexm/exception_handlers.o
 .debug_macro   0x000000000000218c       0x10 ./system/src/cortexm/exception_handlers.o
 .debug_macro   0x000000000000219c      0x15f ./system/src/cmsis/system_stm32f10x.o
 .debug_macro   0x00000000000022fb       0x34 ./system/src/cmsis/vectors_stm32f10x.o
 .debug_macro   0x000000000000232f      0x176 ./src/os/mutex.o
 .debug_macro   0x00000000000024a5      0xa8b ./src/os/mutex.o
 .debug_macro   0x0000000000002f30      0x18e ./src/modules/uart.o
 .debug_macro   0x00000000000030be      0x10c ./src/modules/uart.o
 .debug_macro   0x00000000000031ca       0x3a ./src/modules/uart.o
 .debug_macro   0x0000000000003204      0x161 ./src/BlinkLed.o
 .debug_macro   0x0000000000003365       0x34 ./src/BlinkLed.o
 .debug_macro   0x0000000000003399      0x313 ./src/main.o
 .debug_macro   0x00000000000036ac       0x16 ./src/main.o
 .debug_macro   0x00000000000036c2       0x97 ./src/main.o
 .debug_macro   0x0000000000003759       0xfd ./src/main.o
 .debug_macro   0x0000000000003856       0x10 ./src/main.o
 .debug_macro   0x0000000000003866       0x16 ./src/main.o
 .debug_macro   0x000000000000387c      0x197 ./src/main.o
 .debug_macro   0x0000000000003a13       0x10 ./src/main.o
 .debug_macro   0x0000000000003a23       0x16 ./src/main.o
 .debug_macro   0x0000000000003a39      0x24f ./src/os_dbg.o
 .debug_macro   0x0000000000003c88      0x174 ./src/os_dbg.o
