Archive member included because of file (symbol)

e:/gnu tools arm embedded/4.9 2015q2/bin/../lib/gcc/arm-none-eabi/4.9.3/../../../../arm-none-eabi/lib/armv7-m\libg_nano.a(lib_a-errno.o)
                              ./system/src/newlib/_sbrk.o (__errno)
e:/gnu tools arm embedded/4.9 2015q2/bin/../lib/gcc/arm-none-eabi/4.9.3/../../../../arm-none-eabi/lib/armv7-m\libg_nano.a(lib_a-impure.o)
                              e:/gnu tools arm embedded/4.9 2015q2/bin/../lib/gcc/arm-none-eabi/4.9.3/../../../../arm-none-eabi/lib/armv7-m\libg_nano.a(lib_a-errno.o) (_impure_ptr)
e:/gnu tools arm embedded/4.9 2015q2/bin/../lib/gcc/arm-none-eabi/4.9.3/../../../../arm-none-eabi/lib/armv7-m\libg_nano.a(lib_a-strlen.o)
                              ./src/main.o (strlen)

Allocating common symbols
Common symbol       size              file

errno               0x4               ./system/src/newlib/_syscalls.o
bootLoad            0x4               ./system/src/newlib/_boot.o

Discarded input sections

 .group         0x00000000        0x8 ./system/src/stm32f1-stdperiph/misc.o
 .group         0x00000000        0x8 ./system/src/stm32f1-stdperiph/misc.o
 .group         0x00000000        0x8 ./system/src/stm32f1-stdperiph/misc.o
 .group         0x00000000        0x8 ./system/src/stm32f1-stdperiph/misc.o
 .group         0x00000000        0x8 ./system/src/stm32f1-stdperiph/misc.o
 .group         0x00000000        0x8 ./system/src/stm32f1-stdperiph/misc.o
 .group         0x00000000        0x8 ./system/src/stm32f1-stdperiph/misc.o
 .group         0x00000000        0x8 ./system/src/stm32f1-stdperiph/misc.o
 .group         0x00000000        0x8 ./system/src/stm32f1-stdperiph/misc.o
 .group         0x00000000        0x8 ./system/src/stm32f1-stdperiph/misc.o
 .group         0x00000000        0x8 ./system/src/stm32f1-stdperiph/misc.o
 .group         0x00000000        0x8 ./system/src/stm32f1-stdperiph/misc.o
 .group         0x00000000        0x8 ./system/src/stm32f1-stdperiph/misc.o
 .group         0x00000000        0x8 ./system/src/stm32f1-stdperiph/misc.o
 .group         0x00000000        0x8 ./system/src/stm32f1-stdperiph/misc.o
 .group         0x00000000        0x8 ./system/src/stm32f1-stdperiph/misc.o
 .group         0x00000000        0x8 ./system/src/stm32f1-stdperiph/misc.o
 .group         0x00000000        0x8 ./system/src/stm32f1-stdperiph/misc.o
 .group         0x00000000        0x8 ./system/src/stm32f1-stdperiph/misc.o
 .group         0x00000000        0x8 ./system/src/stm32f1-stdperiph/misc.o
 .group         0x00000000        0x8 ./system/src/stm32f1-stdperiph/misc.o
 .group         0x00000000        0x8 ./system/src/stm32f1-stdperiph/misc.o
 .group         0x00000000        0x8 ./system/src/stm32f1-stdperiph/misc.o
 .group         0x00000000        0x8 ./system/src/stm32f1-stdperiph/misc.o
 .group         0x00000000        0x8 ./system/src/stm32f1-stdperiph/misc.o
 .group         0x00000000        0x8 ./system/src/stm32f1-stdperiph/misc.o
 .group         0x00000000        0x8 ./system/src/stm32f1-stdperiph/misc.o
 .group         0x00000000        0x8 ./system/src/stm32f1-stdperiph/misc.o
 .group         0x00000000        0x8 ./system/src/stm32f1-stdperiph/misc.o
 .group         0x00000000        0x8 ./system/src/stm32f1-stdperiph/misc.o
 .text          0x00000000        0x0 ./system/src/stm32f1-stdperiph/misc.o
 .data          0x00000000        0x0 ./system/src/stm32f1-stdperiph/misc.o
 .bss           0x00000000        0x0 ./system/src/stm32f1-stdperiph/misc.o
 .text.NVIC_PriorityGroupConfig
                0x00000000       0x40 ./system/src/stm32f1-stdperiph/misc.o
 .text.NVIC_SetVectorTable
                0x00000000       0x44 ./system/src/stm32f1-stdperiph/misc.o
 .text.NVIC_SystemLPConfig
                0x00000000       0x48 ./system/src/stm32f1-stdperiph/misc.o
 .text.SysTick_CLKSourceConfig
                0x00000000       0x3c ./system/src/stm32f1-stdperiph/misc.o
 .group         0x00000000        0x8 ./system/src/stm32f1-stdperiph/stm32f10x_gpio.o
 .group         0x00000000        0x8 ./system/src/stm32f1-stdperiph/stm32f10x_gpio.o
 .group         0x00000000        0x8 ./system/src/stm32f1-stdperiph/stm32f10x_gpio.o
 .group         0x00000000        0x8 ./system/src/stm32f1-stdperiph/stm32f10x_gpio.o
 .group         0x00000000        0x8 ./system/src/stm32f1-stdperiph/stm32f10x_gpio.o
 .group         0x00000000        0x8 ./system/src/stm32f1-stdperiph/stm32f10x_gpio.o
 .group         0x00000000        0x8 ./system/src/stm32f1-stdperiph/stm32f10x_gpio.o
 .group         0x00000000        0x8 ./system/src/stm32f1-stdperiph/stm32f10x_gpio.o
 .group         0x00000000        0x8 ./system/src/stm32f1-stdperiph/stm32f10x_gpio.o
 .group         0x00000000        0x8 ./system/src/stm32f1-stdperiph/stm32f10x_gpio.o
 .group         0x00000000        0x8 ./system/src/stm32f1-stdperiph/stm32f10x_gpio.o
 .group         0x00000000        0x8 ./system/src/stm32f1-stdperiph/stm32f10x_gpio.o
[...]
Memory Configuration

Name             Origin             Length             Attributes
RAM              0x20000000         0x00005000         xrw
CCMRAM           0x00000000         0x00000000         xrw
FLASH            0x08000000         0x00020000         xr
FLASHB1          0x00000000         0x00000000         xr
EXTMEMB0         0x00000000         0x00000000         xr
EXTMEMB1         0x00000000         0x00000000         xr
EXTMEMB2         0x00000000         0x00000000         xr
EXTMEMB3         0x00000000         0x00000000         xr
MEMORY_ARRAY     0x00000000         0x00000000         xrw
*default*        0x00000000         0xffffffff

Linker script and memory map

LOAD ./system/src/stm32f1-stdperiph/misc.o
LOAD ./system/src/stm32f1-stdperiph/stm32f10x_gpio.o
LOAD ./system/src/stm32f1-stdperiph/stm32f10x_rcc.o
LOAD ./system/src/newlib/_boot.o
LOAD ./system/src/newlib/_cxx.o
LOAD ./system/src/newlib/_exit.o
LOAD ./system/src/newlib/_sbrk.o
LOAD ./system/src/newlib/_startup.o
LOAD ./system/src/newlib/_syscalls.o
LOAD ./system/src/newlib/assert.o
LOAD ./system/src/diag/Trace.o
LOAD ./system/src/diag/trace_impl.o
LOAD ./system/src/cortexm/_initialize_hardware.o
LOAD ./system/src/cortexm/_reset_hardware.o
LOAD ./system/src/cortexm/exception_handlers.o
LOAD ./system/src/cmsis/system_stm32f10x.o
LOAD ./system/src/cmsis/vectors_stm32f10x.o
LOAD ./src/os/mutex.o
LOAD ./src/os/task.o
LOAD ./src/modules/uart.o
LOAD ./src/BlinkLed.o
LOAD ./src/_write.o
LOAD ./src/main.o
LOAD ./src/os.o
LOAD e:/gnu tools arm embedded/4.9 2015q2/bin/../lib/gcc/arm-none-eabi/4.9.3/../../../../arm-none-eabi/lib/armv7-m\libstdc++_nano.a
LOAD e:/gnu tools arm embedded/4.9 2015q2/bin/../lib/gcc/arm-none-eabi/4.9.3/../../../../arm-none-eabi/lib/armv7-m\libm.a
START GROUP
LOAD e:/gnu tools arm embedded/4.9 2015q2/bin/../lib/gcc/arm-none-eabi/4.9.3/armv7-m\libgcc.a
LOAD e:/gnu tools arm embedded/4.9 2015q2/bin/../lib/gcc/arm-none-eabi/4.9.3/../../../../arm-none-eabi/lib/armv7-m\libg_nano.a
LOAD e:/gnu tools arm embedded/4.9 2015q2/bin/../lib/gcc/arm-none-eabi/4.9.3/../../../../arm-none-eabi/lib/armv7-m\libc_nano.a
END GROUP
START GROUP
LOAD e:/gnu tools arm embedded/4.9 2015q2/bin/../lib/gcc/arm-none-eabi/4.9.3/armv7-m\libgcc.a
LOAD e:/gnu tools arm embedded/4.9 2015q2/bin/../lib/gcc/arm-none-eabi/4.9.3/../../../../arm-none-eabi/lib/armv7-m\libc_nano.a
END GROUP
                0x20005000                __stack = (ORIGIN (RAM) + 0x5000)
                0x20005000                _estack = __stack
                0x00000400                __Main_Stack_Size = 0x400
                0x00000400                PROVIDE (_Main_Stack_Size, __Main_Stack_Size)
                0x20004c00                __Main_Stack_Limit = (__stack - __Main_Stack_Size)
                0x20004c00                PROVIDE (_Main_Stack_Limit, __Main_Stack_Limit)
                0x00000100                _Minimum_Stack_Size = 0x100
                0x200008ec                PROVIDE (_Heap_Begin, _end_noinit)
                0x20004c00                PROVIDE (_Heap_Limit, (__stack - __Main_Stack_Size))

.isr_vector     0x08000000      0x29c
 FILL mask 0xff
                0x08000000                __vectors_start = ABSOLUTE (.)
                0x08000000                __vectors_start__ = ABSOLUTE (.)
 *(.isr_vector)
 .isr_vector    0x08000000      0x10c ./system/src/cmsis/vectors_stm32f10x.o
                0x08000000                __isr_vectors
 *(.cfmconfig)
 *(.after_vectors .after_vectors.*)
 .after_vectors
                0x0800010c      0x118 ./system/src/newlib/_startup.o
                0x0800010c                _start
 .after_vectors
                0x08000224       0x74 ./system/src/cortexm/exception_handlers.o
                0x08000224                Reset_Handler
                0x0800022c                NMI_Handler
                0x08000244                HardFault_Handler_C
                0x08000248                MemManage_Handler
                0x0800024c                BusFault_Handler
                0x08000260                BusFault_Handler_C
                0x08000264                UsageFault_Handler
                0x08000278                UsageFault_Handler_C
                0x08000280                DebugMon_Handler
 .after_vectors
                0x08000298        0x4 ./system/src/cmsis/vectors_stm32f10x.o
                0x08000298                EXTI2_IRQHandler
                0x08000298                TIM8_TRG_COM_IRQHandler
                0x08000298                TIM8_CC_IRQHandler
                0x08000298                TIM1_CC_IRQHandler
                0x08000298                TIM6_IRQHandler
                0x08000298                PVD_IRQHandler
                0x08000298                SDIO_IRQHandler
                0x08000298                CAN2_RX1_IRQHandler
                0x08000298                EXTI3_IRQHandler
                0x08000298                TIM8_TRG_COM_TIM14_IRQHandler
                0x08000298                TIM1_UP_TIM10_IRQHandler
                0x08000298                TIM8_UP_TIM13_IRQHandler
                0x08000298                EXTI0_IRQHandler
                0x08000298                I2C2_EV_IRQHandler
                0x08000298                CAN1_RX0_IRQHandler
                0x08000298                TIM1_UP_TIM16_IRQHandler
                0x08000298                CAN2_SCE_IRQHandler
                0x08000298                ADC1_2_IRQHandler
                0x08000298                SPI1_IRQHandler
                0x08000298                TAMPER_IRQHandler
                0x08000298                TIM6_DAC_IRQHandler
                0x08000298                TIM1_BRK_TIM9_IRQHandler
                0x08000298                CAN2_RX0_IRQHandler
                0x08000298                TIM8_UP_IRQHandler
                0x08000298                DMA2_Channel2_IRQHandler
                0x08000298                DMA1_Channel4_IRQHandler
                0x08000298                RTC_IRQHandler
                0x08000298                DMA1_Channel7_IRQHandler
                0x08000298                CAN1_RX1_IRQHandler
                0x08000298                ADC3_IRQHandler
                0x08000298                TIM4_IRQHandler
                0x08000298                DMA2_Channel1_IRQHandler
                0x08000298                I2C1_EV_IRQHandler
                0x08000298                DMA1_Channel6_IRQHandler
                0x08000298                DMA2_Channel4_IRQHandler
                0x08000298                TIM3_IRQHandler
                0x08000298                RCC_IRQHandler
                0x08000298                TIM8_BRK_TIM12_IRQHandler
                0x08000298                TIM1_TRG_COM_IRQHandler
                0x08000298                DMA1_Channel1_IRQHandler
                0x08000298                Default_Handler
                0x08000298                CEC_IRQHandler
                0x08000298                EXTI15_10_IRQHandler
                0x08000298                TIM14_IRQHandler
                0x08000298                TIM13_IRQHandler
                0x08000298                TIM12_IRQHandler
                0x08000298                TIM7_IRQHandler
                0x08000298                CAN2_TX_IRQHandler
                0x08000298                TIM5_IRQHandler
                0x08000298                EXTI9_5_IRQHandler
                0x08000298                ETH_WKUP_IRQHandler
                0x08000298                SPI2_IRQHandler
                0x08000298                CAN1_TX_IRQHandler
                0x08000298                DMA2_Channel5_IRQHandler
                0x08000298                DMA1_Channel5_IRQHandler
                0x08000298                EXTI4_IRQHandler
                0x08000298                USB_LP_CAN1_RX0_IRQHandler
                0x08000298                TIM1_TRG_COM_TIM17_IRQHandler
                0x08000298                USB_HP_CAN1_TX_IRQHandler
                0x08000298                DMA1_Channel3_IRQHandler
                0x08000298                FSMC_IRQHandler
                0x08000298                ETH_IRQHandler
                0x08000298                TIM1_UP_IRQHandler
                0x08000298                WWDG_IRQHandler
                0x08000298                TIM2_IRQHandler
                0x08000298                OTG_FS_WKUP_IRQHandler
                0x08000298                TIM1_TRG_COM_TIM11_IRQHandler
                0x08000298                TIM1_BRK_IRQHandler
                0x08000298                EXTI1_IRQHandler
                0x08000298                RTCAlarm_IRQHandler
                0x08000298                DMA2_Channel4_5_IRQHandler
                0x08000298                I2C2_ER_IRQHandler
                0x08000298                DMA1_Channel2_IRQHandler
                0x08000298                TIM8_BRK_IRQHandler
                0x08000298                CAN1_SCE_IRQHandler
                0x08000298                FLASH_IRQHandler
                0x08000298                OTG_FS_IRQHandler
                0x08000298                SPI3_IRQHandler
                0x08000298                I2C1_ER_IRQHandler
                0x08000298                USBWakeUp_IRQHandler
                0x08000298                DMA2_Channel3_IRQHandler
                0x08000298                TIM1_BRK_TIM15_IRQHandler

.inits          0x0800029c       0x30
                0x0800029c                __data_regions_array_start = .
                0x0800029c        0x4 LONG 0x8001634 LOADADDR (.data)
                0x080002a0        0x4 LONG 0x20000000 ADDR (.data)
                0x080002a4        0x4 LONG 0x20000028 (ADDR (.data) + SIZEOF (.data))
                0x080002a8        0x4 LONG 0x8001634 LOADADDR (.data_CCMRAM)
                0x080002ac        0x4 LONG 0x0 ADDR (.data_CCMRAM)
                0x080002b0        0x4 LONG 0x0 (ADDR (.data_CCMRAM) + SIZEOF (.data_CCMRAM))
                0x080002b4                __data_regions_array_end = .
                0x080002b4                __bss_regions_array_start = .
                0x080002b4        0x4 LONG 0x20000028 ADDR (.bss)
                0x080002b8        0x4 LONG 0x200008ec (ADDR (.bss) + SIZEOF (.bss))
                0x080002bc        0x4 LONG 0x0 ADDR (.bss_CCMRAM)
                0x080002c0        0x4 LONG 0x0 (ADDR (.bss_CCMRAM) + SIZEOF (.bss_CCMRAM))
                0x080002c4                __bss_regions_array_end = .
 *(.init)
 *(.fini)
                0x080002c4                . = ALIGN (0x4)
                0x080002c4                PROVIDE (__preinit_array_start, .)
 *(.preinit_array_sysinit .preinit_array_sysinit.*)
 *(.preinit_array_platform .preinit_array_platform.*)
 *(.preinit_array .preinit_array.*)
                0x080002c4                PROVIDE (__preinit_array_end, .)
                0x080002c4                . = ALIGN (0x4)
                0x080002c4                PROVIDE (__init_array_start, .)
 *(SORT(.init_array.*))
 *(.init_array)
 .init_array    0x080002c4        0x4 ./src/modules/uart.o
 .init_array    0x080002c8        0x4 ./src/os.o
                0x080002cc                PROVIDE (__init_array_end, .)
                0x080002cc                . = ALIGN (0x4)
                0x080002cc                PROVIDE (__fini_array_start, .)
 *(SORT(.fini_array.*))
 *(.fini_array)
                0x080002cc                PROVIDE (__fini_array_end, .)

.flashtext
 *(.flashtext .flashtext.*)

.text           0x080002cc     0x1368
 *(.text .text.*)
 .text.NVIC_Init
                0x080002cc       0x98 ./system/src/stm32f1-stdperiph/misc.o
                0x080002cc                NVIC_Init
 .text.GPIO_Init
                0x08000364      0x12c ./system/src/stm32f1-stdperiph/stm32f10x_gpio.o
                0x08000364                GPIO_Init
 .text.GPIO_SetBits
                0x08000490       0x60 ./system/src/stm32f1-stdperiph/stm32f10x_gpio.o
                0x08000490                GPIO_SetBits
 .text.GPIO_ResetBits
                0x080004f0       0x60 ./system/src/stm32f1-stdperiph/stm32f10x_gpio.o
                0x080004f0                GPIO_ResetBits
 .text.GPIO_PinRemapConfig
                0x08000550      0x1d0 ./system/src/stm32f1-stdperiph/stm32f10x_gpio.o
                0x08000550                GPIO_PinRemapConfig
 .text.RCC_APB2PeriphClockCmd
                0x08000720       0x4c ./system/src/stm32f1-stdperiph/stm32f10x_rcc.o
                0x08000720                RCC_APB2PeriphClockCmd
 .text.RCC_APB1PeriphClockCmd
                0x0800076c       0x4c ./system/src/stm32f1-stdperiph/stm32f10x_rcc.o
                0x0800076c                RCC_APB1PeriphClockCmd
 .text.NVIC_SystemReset
                0x080007b8       0x20 ./system/src/newlib/_boot.o
 .text._boot_switch
                0x080007d8       0x40 ./system/src/newlib/_boot.o
                0x080007d8                _boot_switch
 .text._boot_load
                0x08000818       0x18 ./system/src/newlib/_boot.o
                0x08000818                _boot_load
 .text._exit    0x08000830        0x4 ./system/src/newlib/_exit.o
                0x08000830                _exit
 .text.abort    0x08000834        0x8 ./system/src/newlib/_exit.o
                0x08000834                abort
 .text.__initialize_args
                0x0800083c       0x10 ./system/src/newlib/_syscalls.o
                0x0800083c                __initialize_args
 .text.assert_failed
                0x0800084c        0x8 ./system/src/newlib/assert.o
                0x0800084c                assert_failed
 .text.__initialize_hardware_early
                0x08000854       0x18 ./system/src/cortexm/_initialize_hardware.o
                0x08000854                __initialize_hardware_early
 .text.__initialize_hardware
                0x0800086c        0x8 ./system/src/cortexm/_initialize_hardware.o
                0x0800086c                __initialize_hardware
 .text.SetSysClockTo72
                0x08000874       0xc4 ./system/src/cmsis/system_stm32f10x.o
 .text.SetSysClock
                0x08000938        0x8 ./system/src/cmsis/system_stm32f10x.o
 .text.SystemInit
                0x08000940       0x50 ./system/src/cmsis/system_stm32f10x.o
                0x08000940                SystemInit
 .text.SystemCoreClockUpdate
                0x08000990       0x94 ./system/src/cmsis/system_stm32f10x.o
                0x08000990                SystemCoreClockUpdate
 .text._ZN2OS5MutexC2Ev
                0x08000a24        0x8 ./src/os/mutex.o
                0x08000a24                OS::Mutex::Mutex()
                0x08000a24                OS::Mutex::Mutex()
 .text._ZN2OS5Mutex8PendLockEv
                0x08000a2c       0x30 ./src/os/mutex.o
                0x08000a2c                OS::Mutex::PendLock()
 .text._ZN2OS5Mutex7ReleaseEv
                0x08000a5c        0x8 ./src/os/mutex.o
                0x08000a5c                OS::Mutex::Release()
 .text._ZN2OS4Task4_EndEv
                0x08000a64        0x8 ./src/os/task.o
                0x08000a64                OS::Task::_End()
 .text._ZN2OSL12_TaskCleanUpEv
                0x08000a6c       0x10 ./src/os/task.o
 .text._ZN2OS4TaskC2EPNS0_10StackEntryEi
                0x08000a7c       0x14 ./src/os/task.o
                0x08000a7c                OS::Task::Task(OS::Task::StackEntry*, int)
                0x08000a7c                OS::Task::Task(OS::Task::StackEntry*, int)
 .text._ZN2OS4Task5StartEPFvPvES1_
                0x08000a90       0x4c ./src/os/task.o
                0x08000a90                OS::Task::Start(void (*)(void*), void*)
 .text._ZN2OS4Task6SwitchEv
                0x08000adc        0x8 ./src/os/task.o
                0x08000adc                OS::Task::Switch()
 .text._ZN4UartC2Em
                0x08000ae4       0x74 ./src/modules/uart.o
                0x08000ae4                Uart::Uart(unsigned long)
                0x08000ae4                Uart::Uart(unsigned long)
 .text._Z41__static_initialization_and_destruction_0ii
                0x08000b58       0x34 ./src/modules/uart.o
 .text._ZN4Uart7SetBaudEi
                0x08000b8c       0x30 ./src/modules/uart.o
                0x08000b8c                Uart::SetBaud(int)
 .text._ZN4Uart4InitEv
                0x08000bbc      0x1a8 ./src/modules/uart.o
                0x08000bbc                Uart::Init()
 .text._ZN4Uart7GetUartENS_15UART_CONNECTIONE
                0x08000d64       0x34 ./src/modules/uart.o
                0x08000d64                Uart::GetUart(Uart::UART_CONNECTION)
 .text._ZN4Uart14GetUartIsrSafeENS_15UART_CONNECTIONE
                0x08000d98       0x94 ./src/modules/uart.o
                0x08000d98                Uart::GetUartIsrSafe(Uart::UART_CONNECTION)
 .text._ZN4Uart10WriteBasicEh
                0x08000e2c       0x10 ./src/modules/uart.o
                0x08000e2c                Uart::WriteBasic(unsigned char)
 .text._ZN4Uart12WriteIsrSafeEPvi
                0x08000e3c       0x1c ./src/modules/uart.o
                0x08000e3c                Uart::WriteIsrSafe(void*, int)
 .text._ZN4Uart8WriteHexEmib
                0x08000e58       0x44 ./src/modules/uart.o
                0x08000e58                Uart::WriteHex(unsigned long, int, bool)
 .text._ZN4Uart10WriteBytesEPvi
                0x08000e9c       0x64 ./src/modules/uart.o
                0x08000e9c                Uart::WriteBytes(void*, int)
 .text._ZN4Uart9WriteByteEh
                0x08000f00       0x50 ./src/modules/uart.o
                0x08000f00                Uart::WriteByte(unsigned char)
 .text._ZN4Uart8ReadByteEi
                0x08000f50       0x5c ./src/modules/uart.o
                0x08000f50                Uart::ReadByte(int)
 .text.USART1_IRQHandler
                0x08000fac       0x84 ./src/modules/uart.o
                0x08000fac                USART1_IRQHandler
 .text.USART2_IRQHandler
                0x08001030       0x88 ./src/modules/uart.o
                0x08001030                USART2_IRQHandler
 .text.USART3_IRQHandler
                0x080010b8       0x88 ./src/modules/uart.o
                0x080010b8                USART3_IRQHandler
 .text._GLOBAL__sub_I__ZN4Uart5uartsE
                0x08001140       0x10 ./src/modules/uart.o
 .text._ZN8BlinkLed7powerUpEv
                0x08001150       0x68 ./src/BlinkLed.o
                0x08001150                BlinkLed::powerUp()
 .text.main     0x080011b8        0x8 ./src/main.o
                0x080011b8                main
 .text._Z11kernel_mainPv
                0x080011c0       0xdc ./src/main.o
                0x080011c0                kernel_main(void*)
 .text.HardFault_Handler
                0x0800129c       0x3c ./src/main.o
                0x0800129c                HardFault_Handler
 .text._ZN2OSL15CurrentTaskLinkEv
                0x080012d8        0xc ./src/os.o
 .text._ZN2OSL12AtKernelTaskEv
                0x080012e4       0x18 ./src/os.o
 .text._ZN2OSL16ReadTaskStackPtrEv
                0x080012fc        0x8 ./src/os.o
 .text._ZN2OSL11SaveContextEv
                0x08001304       0x10 ./src/os.o
 .text._ZN2OSL11LoadContextEv
                0x08001314       0x10 ./src/os.o
 .text._ZN2OSL17WriteTaskStackPtrEPv
                0x08001324        0x8 ./src/os.o
 .text._ZN2OSL21AdvanceAndCleanupTaskEv
                0x0800132c       0x58 ./src/os.o
 .text._ZN2OSL10callKernelEPv
                0x08001384        0x8 ./src/os.o
 .text._Z41__static_initialization_and_destruction_0ii
                0x0800138c       0x24 ./src/os.o
 .text._ZN2OS4InitEv
                0x080013b0       0x50 ./src/os.o
                0x080013b0                OS::Init()
 .text._ZN2OS11SystemTicksEv
                0x08001400        0xc ./src/os.o
                0x08001400                OS::SystemTicks()
 .text._ZN2OS11CurrentTaskEv
                0x0800140c        0xc ./src/os.o
                0x0800140c                OS::CurrentTask()
 .text._ZN2OS8SetErrorEPPc
                0x08001418        0xc ./src/os.o
                0x08001418                OS::SetError(char**)
 .text._ZN2OS10SwitchTaskEv
                0x08001424       0x10 ./src/os.o
                0x08001424                OS::SwitchTask()
 .text._ZN2OS9__endTaskEv
                0x08001434       0x14 ./src/os.o
                0x08001434                OS::__endTask()
 .text._ZN2OS15__enterCriticalEv
                0x08001448        0xc ./src/os.o
                0x08001448                OS::__enterCritical()
 .text._ZN2OS14__exitCriticalEv
                0x08001454       0x24 ./src/os.o
                0x08001454                OS::__exitCritical()
 .text._ZN2OS9__addTaskEPNS_10_task_linkE
                0x08001478       0x34 ./src/os.o
                0x08001478                OS::__addTask(OS::_task_link*)
 .text.SVC_Handler
                0x080014ac        0x4 ./src/os.o
                0x080014ac                SVC_Handler
 .text.PendSV_Handler
                0x080014b0       0x34 ./src/os.o
                0x080014b0                PendSV_Handler
 .text.SysTick_Handler
                0x080014e4       0x14 ./src/os.o
                0x080014e4                SysTick_Handler
 .text._GLOBAL__sub_I__ZN2OS4InitEv
                0x080014f8       0x10 ./src/os.o
 .text.strlen   0x08001508       0x10 e:/gnu tools arm embedded/4.9 2015q2/bin/../lib/gcc/arm-none-eabi/4.9.3/../../../../arm-none-eabi/lib/armv7-m\libg_nano.a(lib_a-strlen.o)
                0x08001508                strlen
 *(.rodata .rodata.* .constdata .constdata.*)
 .rodata.str1.4
                0x08001518       0x27 ./system/src/stm32f1-stdperiph/misc.o
 *fill*         0x0800153f        0x1 
 .rodata.str1.4
                0x08001540       0x31 ./system/src/stm32f1-stdperiph/stm32f10x_gpio.o
 *fill*         0x08001571        0x3 
 .rodata.str1.4
                0x08001574       0x30 ./system/src/stm32f1-stdperiph/stm32f10x_rcc.o
 .rodata._ZN4Uart12timeoutErrorE
                0x080015a4        0x4 ./src/modules/uart.o
                0x080015a4                Uart::timeoutError
 .rodata.str1.4
                0x080015a8       0x3c ./src/modules/uart.o
 .rodata.str1.4
                0x080015e4       0x50 ./src/main.o
                                 0x4d (size before relaxing)
 *(vtable)
 *(.eh_frame*)
 *(.glue_7)
 .glue_7        0x00000000        0x0 linker stubs
 *(.glue_7t)
 .glue_7t       0x00000000        0x0 linker stubs

.vfp11_veneer   0x08001634        0x0
 .vfp11_veneer  0x00000000        0x0 linker stubs

.v4_bx          0x08001634        0x0
 .v4_bx         0x00000000        0x0 linker stubs

.iplt           0x08001634        0x0
 .iplt          0x00000000        0x0 ./system/src/stm32f1-stdperiph/misc.o

.rel.dyn        0x08001634        0x0
 .rel.iplt      0x00000000        0x0 ./system/src/stm32f1-stdperiph/misc.o

.ARM.extab
 *(.ARM.extab* .gnu.linkonce.armextab.*)
                0x08001634                . = ALIGN (0x4)
                0x08001634                __exidx_start = .

.ARM.exidx
 *(.ARM.exidx* .gnu.linkonce.armexidx.*)
                0x08001634                __exidx_end = .
                0x08001634                . = ALIGN (0x4)
                0x08001634                _etext = .
                0x08001634                __etext = .

.data_CCMRAM    0x00000000        0x0 load address 0x08001634
 FILL mask 0xff
 *(.data.CCMRAM .data.CCMRAM.*)
                0x00000000                . = ALIGN (0x4)
                0x08001634                _sidata = LOADADDR (.data)

.data           0x20000000       0x28 load address 0x08001634
 FILL mask 0xff
                0x20000000                _sdata = .
                0x20000000                __data_start__ = .
 *(.data_begin .data_begin.*)
 .data_begin    0x20000000        0x4 ./system/src/newlib/_startup.o
 *(.data .data.*)
 .data.argv.4157
                0x20000004        0x8 ./system/src/newlib/_syscalls.o
 .data.AHBPrescTable
                0x2000000c       0x10 ./system/src/cmsis/system_stm32f10x.o
                0x2000000c                AHBPrescTable
 .data.SystemCoreClock
                0x2000001c        0x4 ./system/src/cmsis/system_stm32f10x.o
                0x2000001c                SystemCoreClock
 .data._ZN2OSL11triedSwitchE
                0x20000020        0x1 ./src/os.o
 .data._ZN2OSL9canSwitchE
                0x20000021        0x1 ./src/os.o
 *(.data_end .data_end.*)
 *fill*         0x20000022        0x2 
 .data_end      0x20000024        0x4 ./system/src/newlib/_startup.o
                0x20000028                . = ALIGN (0x4)
                0x20000028                _edata = .
                0x20000028                __data_end__ = .

.igot.plt       0x20000028        0x0 load address 0x0800165c
 .igot.plt      0x00000000        0x0 ./system/src/stm32f1-stdperiph/misc.o

.bss_CCMRAM     0x00000000        0x0
 *(.bss.CCMRAM .bss.CCMRAM.*)

.bss            0x20000028      0x8c4
                0x20000028                __bss_start__ = .
                0x20000028                _sbss = .
 *(.bss_begin .bss_begin.*)
 .bss_begin     0x20000028        0x4 ./system/src/newlib/_startup.o
 *(.bss .bss.*)
 .bss.name.4156
                0x2000002c        0x1 ./system/src/newlib/_syscalls.o
 *fill*         0x2000002d        0x3 
 .bss._ZN4Uart5uartsE
                0x20000030      0x838 ./src/modules/uart.o
                0x20000030                Uart::uarts
 .bss.blinkLed  0x20000868        0x1 ./src/main.o
                0x20000868                blinkLed
 *fill*         0x20000869        0x3 
 .bss._ZN2OSL7tkernelE
                0x2000086c       0x1c ./src/os.o
 .bss._ZN2OSL11currentTaskE
                0x20000888        0x4 ./src/os.o
 .bss._ZN2OSL8lastTaskE
                0x2000088c        0x4 ./src/os.o
 .bss._ZN2OSL10kernelTaskE
                0x20000890        0xc ./src/os.o
 .bss._ZN2OSL11kernelStackE
                0x2000089c       0x40 ./src/os.o
 .bss._ZN2OSL5_timeE
                0x200008dc        0x4 ./src/os.o
 .bss._ZN2OSL6rmTaskE
                0x200008e0        0x1 ./src/os.o
 *(COMMON)
 *fill*         0x200008e1        0x3 
 COMMON         0x200008e4        0x4 ./system/src/newlib/_boot.o
                0x200008e4                bootLoad
 *(.bss_end .bss_end.*)
 .bss_end       0x200008e8        0x4 ./system/src/newlib/_startup.o
                0x200008ec                . = ALIGN (0x4)
                0x200008ec                __bss_end__ = .
                0x200008ec                _ebss = .

.noinit_CCMRAM
 *(.noinit.CCMRAM .noinit.CCMRAM.*)

.noinit         0x200008ec        0x0
                0x200008ec                _noinit = .
 *(.noinit .noinit.*)
                0x200008ec                . = ALIGN (0x4)
                0x200008ec                _end_noinit = .
                0x200008ec                PROVIDE (end, _end_noinit)
                0x200008ec                PROVIDE (_end, _end_noinit)
                0x200008ec                PROVIDE (__end, _end_noinit)
                0x200008ec                PROVIDE (__end__, _end_noinit)

._check_stack   0x200008ec      0x100
                0x200009ec                . = (. + _Minimum_Stack_Size)
 *fill*         0x200008ec      0x100 

.b1text
 *(.b1text)
 *(.b1rodata)
 *(.b1rodata.*)

.eb0text
 *(.eb0text)
 *(.eb0rodata)
 *(.eb0rodata.*)

.eb1text
 *(.eb1text)
 *(.eb1rodata)
 *(.eb1rodata.*)

.eb2text
 *(.eb2text)
 *(.eb2rodata)
 *(.eb2rodata.*)

.eb3text
 *(.eb3text)
 *(.eb3rodata)
 *(.eb3rodata.*)

.stab
 *(.stab)

.stabstr
 *(.stabstr)

.stab.excl
 *(.stab.excl)

.stab.exclstr
 *(.stab.exclstr)

.stab.index
 *(.stab.index)

.stab.indexstr
 *(.stab.indexstr)

.comment        0x00000000       0x70
 *(.comment)
 .comment       0x00000000       0x70 ./system/src/stm32f1-stdperiph/misc.o
                                 0x71 (size before relaxing)
 .comment       0x00000000       0x71 ./system/src/stm32f1-stdperiph/stm32f10x_gpio.o
 .comment       0x00000000       0x71 ./system/src/stm32f1-stdperiph/stm32f10x_rcc.o
 .comment       0x00000000       0x71 ./system/src/newlib/_boot.o
 .comment       0x00000000       0x71 ./system/src/newlib/_exit.o
 .comment       0x00000000       0x71 ./system/src/newlib/_startup.o
 .comment       0x00000000       0x71 ./system/src/newlib/_syscalls.o
 .comment       0x00000000       0x71 ./system/src/newlib/assert.o
 .comment       0x00000000       0x71 ./system/src/cortexm/_initialize_hardware.o
 .comment       0x00000000       0x71 ./system/src/cortexm/exception_handlers.o
 .comment       0x00000000       0x71 ./system/src/cmsis/system_stm32f10x.o
 .comment       0x00000000       0x71 ./system/src/cmsis/vectors_stm32f10x.o
 .comment       0x00000000       0x71 ./src/os/mutex.o
 .comment       0x00000000       0x71 ./src/os/task.o
 .comment       0x00000000       0x71 ./src/modules/uart.o
 .comment       0x00000000       0x71 ./src/BlinkLed.o
 .comment       0x00000000       0x71 ./src/main.o
 .comment       0x00000000       0x71 ./src/os.o

.ARM.attributes
                0x00000000       0x33
 .ARM.attributes
                0x00000000       0x33 ./system/src/stm32f1-stdperiph/misc.o
 .ARM.attributes
                0x00000033       0x33 ./system/src/stm32f1-stdperiph/stm32f10x_gpio.o
 .ARM.attributes
                0x00000066       0x33 ./system/src/stm32f1-stdperiph/stm32f10x_rcc.o
 .ARM.attributes
                0x00000099       0x33 ./system/src/newlib/_boot.o
 .ARM.attributes
                0x000000cc       0x33 ./system/src/newlib/_exit.o
 .ARM.attributes
                0x000000ff       0x33 ./system/src/newlib/_startup.o
 .ARM.attributes
                0x00000132       0x33 ./system/src/newlib/_syscalls.o
 .ARM.attributes
                0x00000165       0x33 ./system/src/newlib/assert.o
 .ARM.attributes
                0x00000198       0x33 ./system/src/cortexm/_initialize_hardware.o
 .ARM.attributes
                0x000001cb       0x33 ./system/src/cortexm/exception_handlers.o
 .ARM.attributes
                0x000001fe       0x33 ./system/src/cmsis/system_stm32f10x.o
 .ARM.attributes
                0x00000231       0x33 ./system/src/cmsis/vectors_stm32f10x.o
 .ARM.attributes
                0x00000264       0x33 ./src/os/mutex.o
 .ARM.attributes
                0x00000297       0x33 ./src/os/task.o
 .ARM.attributes
                0x000002ca       0x33 ./src/modules/uart.o
 .ARM.attributes
                0x000002fd       0x33 ./src/BlinkLed.o
 .ARM.attributes
                0x00000330       0x33 ./src/main.o
 .ARM.attributes
                0x00000363       0x33 ./src/os.o
 .ARM.attributes
                0x00000396       0x2d e:/gnu tools arm embedded/4.9 2015q2/bin/../lib/gcc/arm-none-eabi/4.9.3/../../../../arm-none-eabi/lib/armv7-m\libg_nano.a(lib_a-strlen.o)

.debug
 *(.debug)

.line
 *(.line)

.debug_srcinfo
 *(.debug_srcinfo)

.debug_sfnames
 *(.debug_sfnames)

.debug_aranges  0x00000000      0x660
 *(.debug_aranges)
 .debug_aranges
                0x00000000       0x40 ./system/src/stm32f1-stdperiph/misc.o
 .debug_aranges
                0x00000040       0xa8 ./system/src/stm32f1-stdperiph/stm32f10x_gpio.o
 .debug_aranges
                0x000000e8      0x118 ./system/src/stm32f1-stdperiph/stm32f10x_rcc.o
 .debug_aranges
                0x00000200       0x30 ./system/src/newlib/_boot.o
 .debug_aranges
                0x00000230       0x28 ./system/src/newlib/_exit.o
 .debug_aranges
                0x00000258       0x40 ./system/src/newlib/_startup.o
 .debug_aranges
                0x00000298       0x30 ./system/src/newlib/_syscalls.o
 .debug_aranges
                0x000002c8       0x28 ./system/src/newlib/assert.o
 .debug_aranges
                0x000002f0       0x28 ./system/src/cortexm/_initialize_hardware.o
 .debug_aranges
                0x00000318       0x80 ./system/src/cortexm/exception_handlers.o
 .debug_aranges
                0x00000398       0x38 ./system/src/cmsis/system_stm32f10x.o
 .debug_aranges
                0x000003d0       0x20 ./system/src/cmsis/vectors_stm32f10x.o
 .debug_aranges
                0x000003f0       0x48 ./src/os/mutex.o
 .debug_aranges
                0x00000438       0x40 ./src/os/task.o
 .debug_aranges
                0x00000478       0xc8 ./src/modules/uart.o
 .debug_aranges
                0x00000540       0x20 ./src/BlinkLed.o
 .debug_aranges
                0x00000560       0x30 ./src/main.o
 .debug_aranges
                0x00000590       0xd0 ./src/os.o

.debug_pubnames
 *(.debug_pubnames)

.debug_info     0x00000000     0x71d3
 *(.debug_info .gnu.linkonce.wi.*)
 .debug_info    0x00000000      0x63b ./system/src/stm32f1-stdperiph/misc.o
 .debug_info    0x0000063b      0xbd4 ./system/src/stm32f1-stdperiph/stm32f10x_gpio.o
 .debug_info    0x0000120f      0xc6b ./system/src/stm32f1-stdperiph/stm32f10x_rcc.o
 .debug_info    0x00001e7a      0x322 ./system/src/newlib/_boot.o
 .debug_info    0x0000219c       0xee ./system/src/newlib/_exit.o
 .debug_info    0x0000228a      0x484 ./system/src/newlib/_startup.o
 .debug_info    0x0000270e      0x1a9 ./system/src/newlib/_syscalls.o
 .debug_info    0x000028b7      0x168 ./system/src/newlib/assert.o
 .debug_info    0x00002a1f      0x294 ./system/src/cortexm/_initialize_hardware.o
 .debug_info    0x00002cb3      0x288 ./system/src/cortexm/exception_handlers.o
 .debug_info    0x00002f3b      0x474 ./system/src/cmsis/system_stm32f10x.o
 .debug_info    0x000033af       0xd1 ./system/src/cmsis/vectors_stm32f10x.o
 .debug_info    0x00003480      0x35b ./src/os/mutex.o
 .debug_info    0x000037db      0x43d ./src/os/task.o
 .debug_info    0x00003c18     0x194d ./src/modules/uart.o
 .debug_info    0x00005565      0x463 ./src/BlinkLed.o
 .debug_info    0x000059c8      0xb41 ./src/main.o
 .debug_info    0x00006509      0xcca ./src/os.o

.debug_abbrev   0x00000000     0x2310
 *(.debug_abbrev)
 .debug_abbrev  0x00000000      0x188 ./system/src/stm32f1-stdperiph/misc.o
 .debug_abbrev  0x00000188      0x1f9 ./system/src/stm32f1-stdperiph/stm32f10x_gpio.o
 .debug_abbrev  0x00000381      0x1ff ./system/src/stm32f1-stdperiph/stm32f10x_rcc.o
 .debug_abbrev  0x00000580      0x162 ./system/src/newlib/_boot.o
 .debug_abbrev  0x000006e2       0xb7 ./system/src/newlib/_exit.o
 .debug_abbrev  0x00000799      0x1e9 ./system/src/newlib/_startup.o
 .debug_abbrev  0x00000982       0xe7 ./system/src/newlib/_syscalls.o
 .debug_abbrev  0x00000a69       0xb6 ./system/src/newlib/assert.o
 .debug_abbrev  0x00000b1f       0xea ./system/src/cortexm/_initialize_hardware.o
 .debug_abbrev  0x00000c09      0x115 ./system/src/cortexm/exception_handlers.o
 .debug_abbrev  0x00000d1e      0x157 ./system/src/cmsis/system_stm32f10x.o
 .debug_abbrev  0x00000e75       0x9d ./system/src/cmsis/vectors_stm32f10x.o
 .debug_abbrev  0x00000f12      0x1f7 ./src/os/mutex.o
 .debug_abbrev  0x00001109      0x2ae ./src/os/task.o
 .debug_abbrev  0x000013b7      0x561 ./src/modules/uart.o
 .debug_abbrev  0x00001918      0x1e7 ./src/BlinkLed.o
 .debug_abbrev  0x00001aff      0x415 ./src/main.o
 .debug_abbrev  0x00001f14      0x3fc ./src/os.o

.debug_line     0x00000000     0x4e2a
 *(.debug_line)
 .debug_line    0x00000000      0x3ec ./system/src/stm32f1-stdperiph/misc.o
 .debug_line    0x000003ec      0x8c9 ./system/src/stm32f1-stdperiph/stm32f10x_gpio.o
 .debug_line    0x00000cb5      0x813 ./system/src/stm32f1-stdperiph/stm32f10x_rcc.o
 .debug_line    0x000014c8      0x39e ./system/src/newlib/_boot.o
 .debug_line    0x00001866      0x27d ./system/src/newlib/_exit.o
 .debug_line    0x00001ae3      0x304 ./system/src/newlib/_startup.o
 .debug_line    0x00001de7      0x346 ./system/src/newlib/_syscalls.o
 .debug_line    0x0000212d      0x2a2 ./system/src/newlib/assert.o
 .debug_line    0x000023cf      0x350 ./system/src/cortexm/_initialize_hardware.o
 .debug_line    0x0000271f      0x5b1 ./system/src/cortexm/exception_handlers.o
 .debug_line    0x00002cd0      0x3b0 ./system/src/cmsis/system_stm32f10x.o
 .debug_line    0x00003080       0xf4 ./system/src/cmsis/vectors_stm32f10x.o
 .debug_line    0x00003174      0x3be ./src/os/mutex.o
 .debug_line    0x00003532      0x38d ./src/os/task.o
 .debug_line    0x000038bf      0x709 ./src/modules/uart.o
 .debug_line    0x00003fc8      0x338 ./src/BlinkLed.o
 .debug_line    0x00004300      0x625 ./src/main.o
 .debug_line    0x00004925      0x505 ./src/os.o

.debug_frame    0x00000000      0xf2c
 *(.debug_frame)
 .debug_frame   0x00000000       0x90 ./system/src/stm32f1-stdperiph/misc.o
 .debug_frame   0x00000090      0x1e8 ./system/src/stm32f1-stdperiph/stm32f10x_gpio.o
 .debug_frame   0x00000278      0x31c ./system/src/stm32f1-stdperiph/stm32f10x_rcc.o
 .debug_frame   0x00000594       0x50 ./system/src/newlib/_boot.o
 .debug_frame   0x000005e4       0x38 ./system/src/newlib/_exit.o
 .debug_frame   0x0000061c       0x7c ./system/src/newlib/_startup.o
 .debug_frame   0x00000698       0x50 ./system/src/newlib/_syscalls.o
 .debug_frame   0x000006e8       0x40 ./system/src/newlib/assert.o
 .debug_frame   0x00000728       0x40 ./system/src/cortexm/_initialize_hardware.o
 .debug_frame   0x00000768       0xe8 ./system/src/cortexm/exception_handlers.o
 .debug_frame   0x00000850       0x68 ./system/src/cmsis/system_stm32f10x.o
 .debug_frame   0x000008b8       0x20 ./system/src/cmsis/vectors_stm32f10x.o
 .debug_frame   0x000008d8       0x90 ./src/os/mutex.o
 .debug_frame   0x00000968       0x84 ./src/os/task.o
 .debug_frame   0x000009ec      0x2a8 ./src/modules/uart.o
 .debug_frame   0x00000c94       0x34 ./src/BlinkLed.o
 .debug_frame   0x00000cc8       0x60 ./src/main.o
 .debug_frame   0x00000d28      0x1e4 ./src/os.o
 .debug_frame   0x00000f0c       0x20 e:/gnu tools arm embedded/4.9 2015q2/bin/../lib/gcc/arm-none-eabi/4.9.3/../../../../arm-none-eabi/lib/armv7-m\libg_nano.a(lib_a-strlen.o)

.debug_str      0x00000000    0x568ff
 *(.debug_str)
 .debug_str     0x00000000    0x4df56 ./system/src/stm32f1-stdperiph/misc.o
                              0x4e113 (size before relaxing)
 .debug_str     0x0004df56      0x593 ./system/src/stm32f1-stdperiph/stm32f10x_gpio.o
                              0x4e491 (size before relaxing)
 .debug_str     0x0004e4e9      0xb3e ./system/src/stm32f1-stdperiph/stm32f10x_rcc.o
                              0x4ea60 (size before relaxing)
 .debug_str     0x0004f027       0xd4 ./system/src/newlib/_boot.o
                              0x4dfa6 (size before relaxing)
 .debug_str     0x0004f0fb     0x37e6 ./system/src/newlib/_exit.o
                               0x5e11 (size before relaxing)
 .debug_str     0x000528e1      0x26c ./system/src/newlib/_startup.o
                               0x4172 (size before relaxing)
 .debug_str     0x00052b4d     0x15e3 ./system/src/newlib/_syscalls.o
                               0x657d (size before relaxing)
 .debug_str     0x00054130       0xe6 ./system/src/newlib/assert.o
                               0x6921 (size before relaxing)
 .debug_str     0x00054216       0x77 ./system/src/cortexm/_initialize_hardware.o
                              0x4df7b (size before relaxing)
 .debug_str     0x0005428d      0x1c8 ./system/src/cortexm/exception_handlers.o
                              0x51816 (size before relaxing)
 .debug_str     0x00054455       0xa6 ./system/src/cmsis/system_stm32f10x.o
                              0x4e025 (size before relaxing)
 .debug_str     0x000544fb       0x57 ./system/src/cmsis/vectors_stm32f10x.o
                               0x3015 (size before relaxing)
 .debug_str     0x00054552      0x58b ./src/os/mutex.o
                              0x4e1f8 (size before relaxing)
 .debug_str     0x00054add      0x1b9 ./src/os/task.o
                              0x4e284 (size before relaxing)
 .debug_str     0x00054c96      0xf9c ./src/modules/uart.o
                              0x4f443 (size before relaxing)
 .debug_str     0x00055c32       0xcf ./src/BlinkLed.o
                              0x4e421 (size before relaxing)
 .debug_str     0x00055d01      0xa45 ./src/main.o
                              0x52f4d (size before relaxing)
 .debug_str     0x00056746      0x1b9 ./src/os.o
                              0x4e904 (size before relaxing)

.debug_loc      0x00000000     0x27e9
 *(.debug_loc)
 .debug_loc     0x00000000      0x1cc ./system/src/stm32f1-stdperiph/misc.o
 .debug_loc     0x000001cc      0x773 ./system/src/stm32f1-stdperiph/stm32f10x_gpio.o
 .debug_loc     0x0000093f      0x98f ./system/src/stm32f1-stdperiph/stm32f10x_rcc.o
 .debug_loc     0x000012ce       0x13 ./system/src/newlib/_boot.o
 .debug_loc     0x000012e1      0x265 ./system/src/newlib/_startup.o
 .debug_loc     0x00001546       0x63 ./system/src/newlib/_syscalls.o
 .debug_loc     0x000015a9       0xc6 ./system/src/newlib/assert.o
 .debug_loc     0x0000166f       0xe4 ./system/src/cmsis/system_stm32f10x.o
 .debug_loc     0x00001753       0xba ./src/os/mutex.o
 .debug_loc     0x0000180d       0xc9 ./src/os/task.o
 .debug_loc     0x000018d6      0xc0c ./src/modules/uart.o
 .debug_loc     0x000024e2       0x21 ./src/BlinkLed.o
 .debug_loc     0x00002503      0x1a4 ./src/main.o
 .debug_loc     0x000026a7      0x142 ./src/os.o

.debug_macinfo
 *(.debug_macinfo)

.debug_weaknames
 *(.debug_weaknames)

.debug_funcnames
 *(.debug_funcnames)

.debug_typenames
 *(.debug_typenames)

.debug_varnames
 *(.debug_varnames)
OUTPUT(Afro.elf elf32-littlearm)

.debug_ranges   0x00000000      0x5a0
 .debug_ranges  0x00000000       0x30 ./system/src/stm32f1-stdperiph/misc.o
 .debug_ranges  0x00000030       0x98 ./system/src/stm32f1-stdperiph/stm32f10x_gpio.o
 .debug_ranges  0x000000c8      0x108 ./system/src/stm32f1-stdperiph/stm32f10x_rcc.o
 .debug_ranges  0x000001d0       0x20 ./system/src/newlib/_boot.o
 .debug_ranges  0x000001f0       0x18 ./system/src/newlib/_exit.o
 .debug_ranges  0x00000208       0x48 ./system/src/newlib/_startup.o
 .debug_ranges  0x00000250       0x20 ./system/src/newlib/_syscalls.o
 .debug_ranges  0x00000270       0x18 ./system/src/newlib/assert.o
 .debug_ranges  0x00000288       0x18 ./system/src/cortexm/_initialize_hardware.o
 .debug_ranges  0x000002a0       0x70 ./system/src/cortexm/exception_handlers.o
 .debug_ranges  0x00000310       0x28 ./system/src/cmsis/system_stm32f10x.o
 .debug_ranges  0x00000338       0x10 ./system/src/cmsis/vectors_stm32f10x.o
 .debug_ranges  0x00000348       0x38 ./src/os/mutex.o
 .debug_ranges  0x00000380       0x30 ./src/os/task.o
 .debug_ranges  0x000003b0      0x100 ./src/modules/uart.o
 .debug_ranges  0x000004b0       0x10 ./src/BlinkLed.o
 .debug_ranges  0x000004c0       0x20 ./src/main.o
 .debug_ranges  0x000004e0       0xc0 ./src/os.o

.debug_macro    0x00000000    0x1029b
 .debug_macro   0x00000000      0x162 ./system/src/stm32f1-stdperiph/misc.o
 .debug_macro   0x00000162      0x880 ./system/src/stm32f1-stdperiph/misc.o
 .debug_macro   0x000009e2       0x50 ./system/src/stm32f1-stdperiph/misc.o
 .debug_macro   0x00000a32       0x3a ./system/src/stm32f1-stdperiph/misc.o
 .debug_macro   0x00000a6c      0x34e ./system/src/stm32f1-stdperiph/misc.o
 .debug_macro   0x00000dba       0x2d ./system/src/stm32f1-stdperiph/misc.o
 .debug_macro   0x00000de7      0xa8b ./system/src/stm32f1-stdperiph/misc.o
 .debug_macro   0x00001872     0x7dbe ./system/src/stm32f1-stdperiph/misc.o
 .debug_macro   0x00009630      0x2e4 ./system/src/stm32f1-stdperiph/misc.o
 .debug_macro   0x00009914      0x144 ./system/src/stm32f1-stdperiph/misc.o
 .debug_macro   0x00009a58      0x3cf ./system/src/stm32f1-stdperiph/misc.o
 .debug_macro   0x00009e27       0xc8 ./system/src/stm32f1-stdperiph/misc.o
 .debug_macro   0x00009eef      0x17a ./system/src/stm32f1-stdperiph/misc.o
 .debug_macro   0x0000a069       0xac ./system/src/stm32f1-stdperiph/misc.o
 .debug_macro   0x0000a115      0x3ad ./system/src/stm32f1-stdperiph/misc.o
 .debug_macro   0x0000a4c2       0x9d ./system/src/stm32f1-stdperiph/misc.o
 .debug_macro   0x0000a55f      0x2cf ./system/src/stm32f1-stdperiph/misc.o
 .debug_macro   0x0000a82e      0x279 ./system/src/stm32f1-stdperiph/misc.o
 .debug_macro   0x0000aaa7      0x2ac ./system/src/stm32f1-stdperiph/misc.o
 .debug_macro   0x0000ad53      0x2b4 ./system/src/stm32f1-stdperiph/misc.o
 .debug_macro   0x0000b007       0x64 ./system/src/stm32f1-stdperiph/misc.o
 .debug_macro   0x0000b06b       0x82 ./system/src/stm32f1-stdperiph/misc.o
 .debug_macro   0x0000b0ed      0x3e2 ./system/src/stm32f1-stdperiph/misc.o
 .debug_macro   0x0000b4cf       0x58 ./system/src/stm32f1-stdperiph/misc.o
 .debug_macro   0x0000b527      0x344 ./system/src/stm32f1-stdperiph/misc.o
 .debug_macro   0x0000b86b      0x2c4 ./system/src/stm32f1-stdperiph/misc.o
 .debug_macro   0x0000bb2f      0x711 ./system/src/stm32f1-stdperiph/misc.o
 .debug_macro   0x0000c240      0x222 ./system/src/stm32f1-stdperiph/misc.o
 .debug_macro   0x0000c462       0x34 ./system/src/stm32f1-stdperiph/misc.o
 .debug_macro   0x0000c496       0x35 ./system/src/stm32f1-stdperiph/misc.o
 .debug_macro   0x0000c4cb       0x85 ./system/src/stm32f1-stdperiph/misc.o
 .debug_macro   0x0000c550      0x1aa ./system/src/stm32f1-stdperiph/stm32f10x_gpio.o
 .debug_macro   0x0000c6fa       0x8b ./system/src/stm32f1-stdperiph/stm32f10x_gpio.o
 .debug_macro   0x0000c785      0x2a6 ./system/src/stm32f1-stdperiph/stm32f10x_gpio.o
 .debug_macro   0x0000ca2b      0x278 ./system/src/stm32f1-stdperiph/stm32f10x_rcc.o
 .debug_macro   0x0000cca3      0x3dc ./system/src/stm32f1-stdperiph/stm32f10x_rcc.o
 .debug_macro   0x0000d07f      0x16e ./system/src/newlib/_boot.o
 .debug_macro   0x0000d1ed      0x131 ./system/src/newlib/_exit.o
 .debug_macro   0x0000d31e       0x9c ./system/src/newlib/_exit.o
 .debug_macro   0x0000d3ba      0x10e ./system/src/newlib/_exit.o
 .debug_macro   0x0000d4c8       0x86 ./system/src/newlib/_exit.o
 .debug_macro   0x0000d54e       0x43 ./system/src/newlib/_exit.o
 .debug_macro   0x0000d591      0x27a ./system/src/newlib/_exit.o
 .debug_macro   0x0000d80b       0x35 ./system/src/newlib/_exit.o
 .debug_macro   0x0000d840       0xee ./system/src/newlib/_startup.o
 .debug_macro   0x0000d92e      0x1ad ./system/src/newlib/_syscalls.o
 .debug_macro   0x0000dadb       0x1c ./system/src/newlib/_syscalls.o
 .debug_macro   0x0000daf7       0x10 ./system/src/newlib/_syscalls.o
 .debug_macro   0x0000db07       0x10 ./system/src/newlib/_syscalls.o
 .debug_macro   0x0000db17       0x10 ./system/src/newlib/_syscalls.o
 .debug_macro   0x0000db27       0x10 ./system/src/newlib/_syscalls.o
 .debug_macro   0x0000db37       0x35 ./system/src/newlib/_syscalls.o
 .debug_macro   0x0000db6c      0x122 ./system/src/newlib/_syscalls.o
 .debug_macro   0x0000dc8e       0x2e ./system/src/newlib/_syscalls.o
 .debug_macro   0x0000dcbc       0x82 ./system/src/newlib/_syscalls.o
 .debug_macro   0x0000dd3e       0x2b ./system/src/newlib/_syscalls.o
 .debug_macro   0x0000dd69      0x118 ./system/src/newlib/_syscalls.o
 .debug_macro   0x0000de81      0x13e ./system/src/newlib/_syscalls.o
 .debug_macro   0x0000dfbf       0x16 ./system/src/newlib/_syscalls.o
 .debug_macro   0x0000dfd5      0x14d ./system/src/newlib/assert.o
 .debug_macro   0x0000e122       0x1c ./system/src/newlib/assert.o
 .debug_macro   0x0000e13e      0x15c ./system/src/cortexm/_initialize_hardware.o
 .debug_macro   0x0000e29a      0x28a ./system/src/cortexm/exception_handlers.o
 .debug_macro   0x0000e524       0x22 ./system/src/cortexm/exception_handlers.o
 .debug_macro   0x0000e546       0x10 ./system/src/cortexm/exception_handlers.o
 .debug_macro   0x0000e556       0xc8 ./system/src/cortexm/exception_handlers.o
 .debug_macro   0x0000e61e       0xbe ./system/src/cortexm/exception_handlers.o
 .debug_macro   0x0000e6dc       0x10 ./system/src/cortexm/exception_handlers.o
 .debug_macro   0x0000e6ec      0x15f ./system/src/cmsis/system_stm32f10x.o
 .debug_macro   0x0000e84b       0x34 ./system/src/cmsis/vectors_stm32f10x.o
 .debug_macro   0x0000e87f      0x180 ./src/os/mutex.o
 .debug_macro   0x0000e9ff      0xa8b ./src/os/mutex.o
 .debug_macro   0x0000f48a      0x176 ./src/os/task.o
 .debug_macro   0x0000f600      0x198 ./src/modules/uart.o
 .debug_macro   0x0000f798      0x10c ./src/modules/uart.o
 .debug_macro   0x0000f8a4       0x3a ./src/modules/uart.o
 .debug_macro   0x0000f8de      0x161 ./src/BlinkLed.o
 .debug_macro   0x0000fa3f       0x34 ./src/BlinkLed.o
 .debug_macro   0x0000fa73      0x313 ./src/main.o
 .debug_macro   0x0000fd86       0x16 ./src/main.o
 .debug_macro   0x0000fd9c       0x97 ./src/main.o
 .debug_macro   0x0000fe33       0xfd ./src/main.o
 .debug_macro   0x0000ff30       0x10 ./src/main.o
 .debug_macro   0x0000ff40       0x16 ./src/main.o
 .debug_macro   0x0000ff56      0x197 ./src/main.o
 .debug_macro   0x000100ed       0x10 ./src/main.o
 .debug_macro   0x000100fd       0x16 ./src/main.o
 .debug_macro   0x00010113      0x188 ./src/os.o
